Archive member included because of file (symbol)

C:\Users\kehood\AppData\Local\arduino15\packages\Intel\hardware\arc32\1.0.5\variants\arduino_101\libarc32drv_arduino101.a(c_init.o)
                              (--whole-archive)
C:\Users\kehood\AppData\Local\arduino15\packages\Intel\hardware\arc32\1.0.5\variants\arduino_101\libarc32drv_arduino101.a(interrupt.o)
                              (--whole-archive)
C:\Users\kehood\AppData\Local\arduino15\packages\Intel\hardware\arc32\1.0.5\variants\arduino_101\libarc32drv_arduino101.a(version.o)
                              (--whole-archive)
C:\Users\kehood\AppData\Local\arduino15\packages\Intel\hardware\arc32\1.0.5\variants\arduino_101\libarc32drv_arduino101.a(arcv2_timer0.o)
                              (--whole-archive)
C:\Users\kehood\AppData\Local\arduino15\packages\Intel\hardware\arc32\1.0.5\variants\arduino_101\libarc32drv_arduino101.a(ipc_uart_ns16550.o)
                              (--whole-archive)
C:\Users\kehood\AppData\Local\arduino15\packages\Intel\hardware\arc32\1.0.5\variants\arduino_101\libarc32drv_arduino101.a(ns16550.o)
                              (--whole-archive)
C:\Users\kehood\AppData\Local\arduino15\packages\Intel\hardware\arc32\1.0.5\variants\arduino_101\libarc32drv_arduino101.a(soc_gpio.o)
                              (--whole-archive)
C:\Users\kehood\AppData\Local\arduino15\packages\Intel\hardware\arc32\1.0.5\variants\arduino_101\libarc32drv_arduino101.a(ss_dw_i2c.o)
                              (--whole-archive)
C:\Users\kehood\AppData\Local\arduino15\packages\Intel\hardware\arc32\1.0.5\variants\arduino_101\libarc32drv_arduino101.a(ss_gpio_iface.o)
                              (--whole-archive)
C:\Users\kehood\AppData\Local\arduino15\packages\Intel\hardware\arc32\1.0.5\variants\arduino_101\libarc32drv_arduino101.a(ss_i2c_iface.o)
                              (--whole-archive)
C:\Users\kehood\AppData\Local\arduino15\packages\Intel\hardware\arc32\1.0.5\variants\arduino_101\libarc32drv_arduino101.a(cfw_platform.o)
                              (--whole-archive)
C:\Users\kehood\AppData\Local\arduino15\packages\Intel\hardware\arc32\1.0.5\variants\arduino_101\libarc32drv_arduino101.a(nordic_interface.o)
                              (--whole-archive)
C:\Users\kehood\AppData\Local\arduino15\packages\Intel\hardware\arc32\1.0.5\variants\arduino_101\libarc32drv_arduino101.a(ble_service_gap_api.o)
                              (--whole-archive)
C:\Users\kehood\AppData\Local\arduino15\packages\Intel\hardware\arc32\1.0.5\variants\arduino_101\libarc32drv_arduino101.a(ble_service_gatts_api.o)
                              (--whole-archive)
C:\Users\kehood\AppData\Local\arduino15\packages\Intel\hardware\arc32\1.0.5\variants\arduino_101\libarc32drv_arduino101.a(ble_service_utils.o)
                              (--whole-archive)
C:\Users\kehood\AppData\Local\arduino15\packages\Intel\hardware\arc32\1.0.5\variants\arduino_101\libarc32drv_arduino101.a(cfw_debug.o)
                              (--whole-archive)
C:\Users\kehood\AppData\Local\arduino15\packages\Intel\hardware\arc32\1.0.5\variants\arduino_101\libarc32drv_arduino101.a(client_api.o)
                              (--whole-archive)
C:\Users\kehood\AppData\Local\arduino15\packages\Intel\hardware\arc32\1.0.5\variants\arduino_101\libarc32drv_arduino101.a(service_api.o)
                              (--whole-archive)
C:\Users\kehood\AppData\Local\arduino15\packages\Intel\hardware\arc32\1.0.5\variants\arduino_101\libarc32drv_arduino101.a(service_manager.o)
                              (--whole-archive)
C:\Users\kehood\AppData\Local\arduino15\packages\Intel\hardware\arc32\1.0.5\variants\arduino_101\libarc32drv_arduino101.a(factory_data.o)
                              (--whole-archive)
C:\Users\kehood\AppData\Local\arduino15\packages\Intel\hardware\arc32\1.0.5\variants\arduino_101\libarc32drv_arduino101.a(ipc.o)
                              (--whole-archive)
C:\Users\kehood\AppData\Local\arduino15\packages\Intel\hardware\arc32\1.0.5\variants\arduino_101\libarc32drv_arduino101.a(ipc_callback.o)
                              (--whole-archive)
C:\Users\kehood\AppData\Local\arduino15\packages\Intel\hardware\arc32\1.0.5\variants\arduino_101\libarc32drv_arduino101.a(log.o)
                              (--whole-archive)
C:\Users\kehood\AppData\Local\arduino15\packages\Intel\hardware\arc32\1.0.5\variants\arduino_101\libarc32drv_arduino101.a(log_impl_printk.o)
                              (--whole-archive)
C:\Users\kehood\AppData\Local\arduino15\packages\Intel\hardware\arc32\1.0.5\variants\arduino_101\libarc32drv_arduino101.a(port.o)
                              (--whole-archive)
C:\Users\kehood\AppData\Local\arduino15\packages\Intel\hardware\arc32\1.0.5\variants\arduino_101\libarc32drv_arduino101.a(uptime.o)
                              (--whole-archive)
C:\Users\kehood\AppData\Local\arduino15\packages\Intel\hardware\arc32\1.0.5\variants\arduino_101\libarc32drv_arduino101.a(list.o)
[...]
Memory Configuration

Name             Origin             Length             Attributes
FLASH            0x40034000         0x00026000         xr
SRAM             0xa800e000         0x00006000         xw
DCCM             0x80000000         0x00002000         xw
*default*        0x00000000         0xffffffff

Linker script and memory map

LOAD C:\Users\kehood\AppData\Local\arduino15\packages\Intel\hardware\arc32\1.0.5\variants\arduino_101\libarc32drv_arduino101.a
START GROUP
LOAD C:\Users\kehood\AppData\Local\arduino15\packages\Intel\hardware\arc32\1.0.5\variants\arduino_101\libarc32drv_arduino101.a
LOAD c:/users/kehood/appdata/local/arduino15/packages/intel/tools/arc-elf32/1.6.4+1.0/bin/../lib/gcc/arc-elf32/4.8.3/../../../../arc-elf32/lib\libc.a
LOAD c:/users/kehood/appdata/local/arduino15/packages/intel/tools/arc-elf32/1.6.4+1.0/bin/../lib/gcc/arc-elf32/4.8.3/../../../../arc-elf32/lib\libm.a
LOAD c:/users/kehood/appdata/local/arduino15/packages/intel/tools/arc-elf32/1.6.4+1.0/bin/../lib/gcc/arc-elf32/4.8.3\libgcc.a
LOAD C:\Users\kehood\AppData\Local\Temp\VMicroBuilds\PozyxMaster\Intel_intel_arc32_arduino_101\PozyxMaster.cpp.o
LOAD C:\Users\kehood\AppData\Local\Temp\VMicroBuilds\PozyxMaster\Intel_intel_arc32_arduino_101\Wire\Wire.cpp.o
LOAD C:\Users\kehood\AppData\Local\Temp\VMicroBuilds\PozyxMaster\Intel_intel_arc32_arduino_101\CPozyx_core.cpp.o
LOAD C:\Users\kehood\AppData\Local\Temp\VMicroBuilds\PozyxMaster\Intel_intel_arc32_arduino_101\CPozyx_lib.cpp.o
LOAD C:\Users\kehood\AppData\Local\Temp\VMicroBuilds\PozyxMaster\Intel_intel_arc32_arduino_101/core.a
                0x00000800                __stack_size = 0x800
                0x00000200                __firq_stack_size = 0x200
                0x00002000                __HEAP_SIZE_MIN = 0x2000
                0x00001000                __PAGE_SIZE = 0x1000

text            0x40034000     0x9ba0
                0x40034000                __text_start = .
 *(.int_vector_table)
 .int_vector_table
                0x40034000      0x110 C:\Users\kehood\AppData\Local\arduino15\packages\Intel\hardware\arc32\1.0.5\variants\arduino_101\libarc32drv_arduino101.a(init.o)
 *(.int_vector_table.*)
 *(.version_header)
 .version_header
                0x40034110       0x30 C:\Users\kehood\AppData\Local\arduino15\packages\Intel\hardware\arc32\1.0.5\variants\arduino_101\libarc32drv_arduino101.a(version.o)
                0x40034110                version_header
 *(.version_header*)
 *(.text)
 .text          0x40034140       0x70 C:\Users\kehood\AppData\Local\arduino15\packages\Intel\hardware\arc32\1.0.5\variants\arduino_101\libarc32drv_arduino101.a(init.o)
                0x40034168                _do_fault
                0x40034184                _do_isr
 .text          0x400341b0       0x5c c:/users/kehood/appdata/local/arduino15/packages/intel/tools/arc-elf32/1.6.4+1.0/bin/../lib/gcc/arc-elf32/4.8.3/../../../../arc-elf32/lib\libc.a(lib_a-malloc.o)
                0x400341b0                malloc
                0x400341e0                free
 .text          0x4003420c      0xbdc c:/users/kehood/appdata/local/arduino15/packages/intel/tools/arc-elf32/1.6.4+1.0/bin/../lib/gcc/arc-elf32/4.8.3/../../../../arc-elf32/lib\libc.a(lib_a-mallocr.o)
                0x40034508                _malloc_r
 .text          0x40034de8       0x80 c:/users/kehood/appdata/local/arduino15/packages/intel/tools/arc-elf32/1.6.4+1.0/bin/../lib/gcc/arc-elf32/4.8.3/../../../../arc-elf32/lib\libc.a(lib_a-memcpy-700.o)
                0x40034de8                memcpy
 .text          0x40034e68       0x6c c:/users/kehood/appdata/local/arduino15/packages/intel/tools/arc-elf32/1.6.4+1.0/bin/../lib/gcc/arc-elf32/4.8.3/../../../../arc-elf32/lib\libc.a(lib_a-memset.o)
                0x40034e68                memset
                0x40034ebc                __strncpy_bzero
 .text          0x40034ed4       0x28 c:/users/kehood/appdata/local/arduino15/packages/intel/tools/arc-elf32/1.6.4+1.0/bin/../lib/gcc/arc-elf32/4.8.3/../../../../arc-elf32/lib\libc.a(lib_a-mlock.o)
                0x40034ed4                __malloc_lock
                0x40034ee8                __malloc_unlock
 .text          0x40034efc       0x94 c:/users/kehood/appdata/local/arduino15/packages/intel/tools/arc-elf32/1.6.4+1.0/bin/../lib/gcc/arc-elf32/4.8.3/../../../../arc-elf32/lib\libc.a(lib_a-sbrk.o)
                0x40034efc                _sbrk_r
 .text          0x40034f90       0xb4 c:/users/kehood/appdata/local/arduino15/packages/intel/tools/arc-elf32/1.6.4+1.0/bin/../lib/gcc/arc-elf32/4.8.3/../../../../arc-elf32/lib\libc.a(lib_a-strcpy-600.o)
                0x40034f90                strcpy
 .text          0x40035044       0x88 c:/users/kehood/appdata/local/arduino15/packages/intel/tools/arc-elf32/1.6.4+1.0/bin/../lib/gcc/arc-elf32/4.8.3/../../../../arc-elf32/lib\libc.a(lib_a-strlen.o)
                0x40035044                strlen
 .text          0x400350cc      0x5ac c:/users/kehood/appdata/local/arduino15/packages/intel/tools/arc-elf32/1.6.4+1.0/bin/../lib/gcc/arc-elf32/4.8.3/../../../../arc-elf32/lib\libc.a(lib_a-freer.o)
                0x400350cc                _free_r
                0x40035508                _malloc_trim_r
 .text          0x40035678        0x4 c:/users/kehood/appdata/local/arduino15/packages/intel/tools/arc-elf32/1.6.4+1.0/bin/../lib/gcc/arc-elf32/4.8.3\libgcc.a(_udivsi3.o)
                0x40035678                __udivsi3
 .text          0x4003567c       0x10 c:/users/kehood/appdata/local/arduino15/packages/intel/tools/arc-elf32/1.6.4+1.0/bin/../lib/gcc/arc-elf32/4.8.3\libgcc.a(_umodsi3.o)
                0x4003567c                __umodsi3
 .text          0x4003568c       0x70 c:/users/kehood/appdata/local/arduino15/packages/intel/tools/arc-elf32/1.6.4+1.0/bin/../lib/gcc/arc-elf32/4.8.3\libgcc.a(_divmod_tools.o)
                0x4003568c                __udivmodsi4
 .text          0x400356fc       0x30 c:/users/kehood/appdata/local/arduino15/packages/intel/tools/arc-elf32/1.6.4+1.0/bin/../lib/gcc/arc-elf32/4.8.3\libgcc.a(_millicodethunk_st.o)
                0x400356fc                __st_r13_to_r25
                0x40035700                __st_r13_to_r24
                0x40035704                __st_r13_to_r23
                0x40035708                __st_r13_to_r22
                0x4003570c                __st_r13_to_r21
                0x40035710                __st_r13_to_r20
                0x40035714                __st_r13_to_r19
                0x40035718                __st_r13_to_r18
                0x4003571c                __st_r13_to_r17
                0x40035720                __st_r13_to_r16
                0x40035724                __st_r13_to_r15
 .text          0x4003572c       0x30 c:/users/kehood/appdata/local/arduino15/packages/intel/tools/arc-elf32/1.6.4+1.0/bin/../lib/gcc/arc-elf32/4.8.3\libgcc.a(_millicodethunk_ld.o)
                0x4003572c                __ld_r13_to_r25
                0x40035730                __ld_r13_to_r24
                0x40035734                __ld_r13_to_r23
                0x40035738                __ld_r13_to_r22
                0x4003573c                __ld_r13_to_r21
                0x40035740                __ld_r13_to_r20
                0x40035744                __ld_r13_to_r19
                0x40035748                __ld_r13_to_r18
                0x4003574c                __ld_r13_to_r17
                0x40035750                __ld_r13_to_r16
                0x40035754                __ld_r13_to_r15
 .text          0x4003575c       0x3c c:/users/kehood/appdata/local/arduino15/packages/intel/tools/arc-elf32/1.6.4+1.0/bin/../lib/gcc/arc-elf32/4.8.3\libgcc.a(_millicodethunk_ret.o)
                0x4003575c                __ld_r13_to_r25_ret
                0x40035760                __ld_r13_to_r24_ret
                0x40035764                __ld_r13_to_r23_ret
                0x40035768                __ld_r13_to_r22_ret
                0x4003576c                __ld_r13_to_r21_ret
                0x40035770                __ld_r13_to_r20_ret
                0x40035774                __ld_r13_to_r19_ret
                0x40035778                __ld_r13_to_r18_ret
                0x4003577c                __ld_r13_to_r17_ret
                0x40035780                __ld_r13_to_r16_ret
                0x40035784                __ld_r13_to_r15_ret
                0x40035788                __ld_r13_to_r14_ret
 .text          0x40035798       0x20 c:/users/kehood/appdata/local/arduino15/packages/intel/tools/arc-elf32/1.6.4+1.0/bin/../lib/gcc/arc-elf32/4.8.3/../../../../arc-elf32/lib\libc.a(lib_a-abort.o)
                0x40035798                abort
 .text          0x400357b8      0x1c0 c:/users/kehood/appdata/local/arduino15/packages/intel/tools/arc-elf32/1.6.4+1.0/bin/../lib/gcc/arc-elf32/4.8.3/../../../../arc-elf32/lib\libc.a(lib_a-memmove.o)
                0x400357b8                memmove
 .text          0x40035978       0x38 c:/users/kehood/appdata/local/arduino15/packages/intel/tools/arc-elf32/1.6.4+1.0/bin/../lib/gcc/arc-elf32/4.8.3/../../../../arc-elf32/lib\libc.a(lib_a-realloc.o)
                0x40035978                realloc
 .text          0x400359b0      0x9e8 c:/users/kehood/appdata/local/arduino15/packages/intel/tools/arc-elf32/1.6.4+1.0/bin/../lib/gcc/arc-elf32/4.8.3/../../../../arc-elf32/lib\libc.a(lib_a-reallocr.o)
                0x400359b0                _realloc_r
 .text          0x40036398      0x344 c:/users/kehood/appdata/local/arduino15/packages/intel/tools/arc-elf32/1.6.4+1.0/bin/../lib/gcc/arc-elf32/4.8.3/../../../../arc-elf32/lib\libc.a(lib_a-signal.o)
                0x40036398                _init_signal_r
                0x40036414                _signal_r
                0x400364a4                _raise_r
                0x40036570                __sigtramp_r
                0x40036620                raise
                0x40036650                signal
                0x40036688                _init_signal
                0x400366ac                __sigtramp
 .text          0x400366dc      0x400 c:/users/kehood/appdata/local/arduino15/packages/intel/tools/arc-elf32/1.6.4+1.0/bin/../lib/gcc/arc-elf32/4.8.3/../../../../arc-elf32/lib\libc.a(lib_a-syscalls.o)
                0x400366dc                _read_r
                0x40036750                _write_r
                0x400367c4                _open_r
                0x40036838                _close_r
                0x40036894                _lseek_r
                0x40036908                _fstat_r
                0x40036970                _gettimeofday_r
                0x400369d8                _exit_r
                0x40036a30                _time
                0x40036a54                _creat_r
                0x40036a8c                _getpid_r
                0x40036aa4                _kill_r
 .text          0x40036adc      0x290 c:/users/kehood/appdata/local/arduino15/packages/intel/tools/arc-elf32/1.6.4+1.0/bin/../lib/gcc/arc-elf32/4.8.3/../../../../arc-elf32/lib\libm.a(lib_a-s_ceil.o)
                0x40036adc                ceil
 .text          0x40036d6c      0x4a0 c:/users/kehood/appdata/local/arduino15/packages/intel/tools/arc-elf32/1.6.4+1.0/bin/../lib/gcc/arc-elf32/4.8.3\libgcc.a(_udivdi3.o)
                0x40036d6c                __udivdi3
 .text          0x4003720c      0x470 c:/users/kehood/appdata/local/arduino15/packages/intel/tools/arc-elf32/1.6.4+1.0/bin/../lib/gcc/arc-elf32/4.8.3\libgcc.a(_umoddi3.o)
                0x4003720c                __umoddi3
 .text          0x4003767c      0xa0c c:/users/kehood/appdata/local/arduino15/packages/intel/tools/arc-elf32/1.6.4+1.0/bin/../lib/gcc/arc-elf32/4.8.3\libgcc.a(fp-bit.o)
                0x40037818                __pack_f
                0x4003790c                __unpack_f
                0x4003798c                __addsf3
                0x400379c0                __subsf3
                0x400379fc                __mulsf3
                0x40037b34                __divsf3
                0x40037c28                __fpcmp_parts_f
                0x40037cc0                __cmpsf2
                0x40037cec                __eqsf2
                0x40037d2c                __nesf2
                0x40037d6c                __gtsf2
                0x40037dac                __gesf2
                0x40037dec                __ltsf2
                0x40037e2c                __lesf2
                0x40037e6c                __unordsf2
                0x40037ea8                __floatsisf
                0x40037f2c                __floatunsisf
                0x40037fac                __fixsfsi
                0x40038010                __negsf2
                0x4003803c                __make_fp
                0x40038058                __extendsfdf2
 .text          0x40038088      0xef0 c:/users/kehood/appdata/local/arduino15/packages/intel/tools/arc-elf32/1.6.4+1.0/bin/../lib/gcc/arc-elf32/4.8.3\libgcc.a(dp-bit.o)
                0x400383a4                __pack_d
                0x40038540                __unpack_d
                0x400385f0                __adddf3
                0x40038624                __subdf3
                0x40038660                __muldf3
                0x4003887c                __divdf3
                0x400389ec                __fpcmp_parts_d
                0x40038aa0                __cmpdf2
                0x40038acc                __eqdf2
                0x40038b0c                __nedf2
                0x40038b4c                __gtdf2
                0x40038b8c                __gedf2
                0x40038bcc                __ltdf2
                0x40038c0c                __ledf2
                0x40038c4c                __unorddf2
                0x40038c88                __floatsidf
                0x40038d34                __floatunsidf
                0x40038df0                __fixdfsi
                0x40038e78                __fixunsdfsi
                0x40038eec                __negdf2
                0x40038f18                __make_dp
                0x40038f38                __truncdfsf2
 .text          0x40038f78       0x30 c:/users/kehood/appdata/local/arduino15/packages/intel/tools/arc-elf32/1.6.4+1.0/bin/../lib/gcc/arc-elf32/4.8.3\libgcc.a(_clzsi2.o)
                0x40038f78                __clzsi2
 .text          0x40038fa8       0x28 c:/users/kehood/appdata/local/arduino15/packages/intel/tools/arc-elf32/1.6.4+1.0/bin/../lib/gcc/arc-elf32/4.8.3\libgcc.a(_lshrdi3.o)
                0x40038fa8                __lshrdi3
 .text          0x40038fd0       0x28 c:/users/kehood/appdata/local/arduino15/packages/intel/tools/arc-elf32/1.6.4+1.0/bin/../lib/gcc/arc-elf32/4.8.3\libgcc.a(_ashldi3.o)
                0x40038fd0                __ashldi3
 *(.text.*)
 .text._main    0x40038ff8       0x70 C:\Users\kehood\AppData\Local\arduino15\packages\Intel\hardware\arc32\1.0.5\variants\arduino_101\libarc32drv_arduino101.a(c_init.o)
                0x40038ff8                _main
 .text.interrupt_connect
                0x40039068       0x20 C:\Users\kehood\AppData\Local\arduino15\packages\Intel\hardware\arc32\1.0.5\variants\arduino_101\libarc32drv_arduino101.a(interrupt.o)
                0x40039068                interrupt_connect
 .text.interrupt_enable
                0x40039088       0x28 C:\Users\kehood\AppData\Local\arduino15\packages\Intel\hardware\arc32\1.0.5\variants\arduino_101\libarc32drv_arduino101.a(interrupt.o)
                0x40039088                interrupt_enable
 .text.interrupt_unit_device_init
                0x400390b0       0x50 C:\Users\kehood\AppData\Local\arduino15\packages\Intel\hardware\arc32\1.0.5\variants\arduino_101\libarc32drv_arduino101.a(interrupt.o)
                0x400390b0                interrupt_unit_device_init
 .text._arcv2_timer0_int_handler
                0x40039100       0x20 C:\Users\kehood\AppData\Local\arduino15\packages\Intel\hardware\arc32\1.0.5\variants\arduino_101\libarc32drv_arduino101.a(arcv2_timer0.o)
                0x40039100                _arcv2_timer0_int_handler
 .text.timer0_driver_init
                0x40039120       0x40 C:\Users\kehood\AppData\Local\arduino15\packages\Intel\hardware\arc32\1.0.5\variants\arduino_101\libarc32drv_arduino101.a(arcv2_timer0.o)
                0x40039120                timer0_driver_init
 .text.uart_ipc_get_channel
                0x40039160       0x14 C:\Users\kehood\AppData\Local\arduino15\packages\Intel\hardware\arc32\1.0.5\variants\arduino_101\libarc32drv_arduino101.a(ipc_uart_ns16550.o)
                0x40039160                uart_ipc_get_channel
 .text.uart_ipc_send_message
                0x40039174       0x8c C:\Users\kehood\AppData\Local\arduino15\packages\Intel\hardware\arc32\1.0.5\variants\arduino_101\libarc32drv_arduino101.a(ipc_uart_ns16550.o)
                0x40039174                uart_ipc_send_message
 .text.uart_init
                0x40039200       0x98 C:\Users\kehood\AppData\Local\arduino15\packages\Intel\hardware\arc32\1.0.5\variants\arduino_101\libarc32drv_arduino101.a(ns16550.o)
                0x40039200                uart_init
 .text.uart_poll_in
                0x40039298       0x28 C:\Users\kehood\AppData\Local\arduino15\packages\Intel\hardware\arc32\1.0.5\variants\arduino_101\libarc32drv_arduino101.a(ns16550.o)
                0x40039298                uart_poll_in
 .text.uart_poll_out
                0x400392c0       0x28 C:\Users\kehood\AppData\Local\arduino15\packages\Intel\hardware\arc32\1.0.5\variants\arduino_101\libarc32drv_arduino101.a(ns16550.o)
                0x400392c0                uart_poll_out
 .text.uart_fifo_read
                0x400392e8       0x4c C:\Users\kehood\AppData\Local\arduino15\packages\Intel\hardware\arc32\1.0.5\variants\arduino_101\libarc32drv_arduino101.a(ns16550.o)
                0x400392e8                uart_fifo_read
 .text.uart_irq_tx_enable
                0x40039334       0x20 C:\Users\kehood\AppData\Local\arduino15\packages\Intel\hardware\arc32\1.0.5\variants\arduino_101\libarc32drv_arduino101.a(ns16550.o)
                0x40039334                uart_irq_tx_enable
 .text.uart_irq_tx_disable
                0x40039354       0x20 C:\Users\kehood\AppData\Local\arduino15\packages\Intel\hardware\arc32\1.0.5\variants\arduino_101\libarc32drv_arduino101.a(ns16550.o)
                0x40039354                uart_irq_tx_disable
 .text.uart_irq_tx_ready
                0x40039374       0x20 C:\Users\kehood\AppData\Local\arduino15\packages\Intel\hardware\arc32\1.0.5\variants\arduino_101\libarc32drv_arduino101.a(ns16550.o)
                0x40039374                uart_irq_tx_ready
 .text.uart_irq_rx_enable
                0x40039394       0x20 C:\Users\kehood\AppData\Local\arduino15\packages\Intel\hardware\arc32\1.0.5\variants\arduino_101\libarc32drv_arduino101.a(ns16550.o)
                0x40039394                uart_irq_rx_enable
 .text.uart_irq_rx_disable
                0x400393b4       0x20 C:\Users\kehood\AppData\Local\arduino15\packages\Intel\hardware\arc32\1.0.5\variants\arduino_101\libarc32drv_arduino101.a(ns16550.o)
                0x400393b4                uart_irq_rx_disable
 .text.uart_irq_rx_ready
                0x400393d4       0x20 C:\Users\kehood\AppData\Local\arduino15\packages\Intel\hardware\arc32\1.0.5\variants\arduino_101\libarc32drv_arduino101.a(ns16550.o)
                0x400393d4                uart_irq_rx_ready
 .text.uart_int_connect
                0x400393f4       0x4c C:\Users\kehood\AppData\Local\arduino15\packages\Intel\hardware\arc32\1.0.5\variants\arduino_101\libarc32drv_arduino101.a(ns16550.o)
                0x400393f4                uart_int_connect
 .text.soc_gpio_ISR_proc
                0x40039440       0x58 C:\Users\kehood\AppData\Local\arduino15\packages\Intel\hardware\arc32\1.0.5\variants\arduino_101\libarc32drv_arduino101.a(soc_gpio.o)
 .text.gpio_isr
                0x40039498       0x10 C:\Users\kehood\AppData\Local\arduino15\packages\Intel\hardware\arc32\1.0.5\variants\arduino_101\libarc32drv_arduino101.a(soc_gpio.o)
                0x40039498                gpio_isr
 .text.gpio_aon_isr
                0x400394a8       0x10 C:\Users\kehood\AppData\Local\arduino15\packages\Intel\hardware\arc32\1.0.5\variants\arduino_101\libarc32drv_arduino101.a(soc_gpio.o)
                0x400394a8                gpio_aon_isr
 .text.soc_gpio_deconfig
                0x400394b8       0x6c C:\Users\kehood\AppData\Local\arduino15\packages\Intel\hardware\arc32\1.0.5\variants\arduino_101\libarc32drv_arduino101.a(soc_gpio.o)
                0x400394b8                soc_gpio_deconfig
 .text.soc_gpio_enable
                0x40039524       0x88 C:\Users\kehood\AppData\Local\arduino15\packages\Intel\hardware\arc32\1.0.5\variants\arduino_101\libarc32drv_arduino101.a(soc_gpio.o)
                0x40039524                soc_gpio_enable
 .text.soc_gpio_set_config
                0x400395ac      0x13c C:\Users\kehood\AppData\Local\arduino15\packages\Intel\hardware\arc32\1.0.5\variants\arduino_101\libarc32drv_arduino101.a(soc_gpio.o)
                0x400395ac                soc_gpio_set_config
 .text.recv_data
                0x400396e8       0x60 C:\Users\kehood\AppData\Local\arduino15\packages\Intel\hardware\arc32\1.0.5\variants\arduino_101\libarc32drv_arduino101.a(ss_dw_i2c.o)
 .text.end_data_transfer
                0x40039748       0x3c C:\Users\kehood\AppData\Local\arduino15\packages\Intel\hardware\arc32\1.0.5\variants\arduino_101\libarc32drv_arduino101.a(ss_dw_i2c.o)
 .text.i2c_fill_fifo
                0x40039784       0xc0 C:\Users\kehood\AppData\Local\arduino15\packages\Intel\hardware\arc32\1.0.5\variants\arduino_101\libarc32drv_arduino101.a(ss_dw_i2c.o)
                0x40039784                i2c_fill_fifo
 .text.i2c_mst_err_ISR_proc
                0x40039844       0xa4 C:\Users\kehood\AppData\Local\arduino15\packages\Intel\hardware\arc32\1.0.5\variants\arduino_101\libarc32drv_arduino101.a(ss_dw_i2c.o)
                0x40039844                i2c_mst_err_ISR_proc
 .text.i2c_mst_rx_avail_ISR_proc
                0x400398e8       0x3c C:\Users\kehood\AppData\Local\arduino15\packages\Intel\hardware\arc32\1.0.5\variants\arduino_101\libarc32drv_arduino101.a(ss_dw_i2c.o)
                0x400398e8                i2c_mst_rx_avail_ISR_proc
 .text.i2c_mst_tx_req_ISR_proc
                0x40039924       0x50 C:\Users\kehood\AppData\Local\arduino15\packages\Intel\hardware\arc32\1.0.5\variants\arduino_101\libarc32drv_arduino101.a(ss_dw_i2c.o)
                0x40039924                i2c_mst_tx_req_ISR_proc
 .text.i2c_mst_stop_detected_ISR_proc
                0x40039974       0x40 C:\Users\kehood\AppData\Local\arduino15\packages\Intel\hardware\arc32\1.0.5\variants\arduino_101\libarc32drv_arduino101.a(ss_dw_i2c.o)
                0x40039974                i2c_mst_stop_detected_ISR_proc
 .text.ss_gpio_ISR_proc
                0x400399b4       0x6c C:\Users\kehood\AppData\Local\arduino15\packages\Intel\hardware\arc32\1.0.5\variants\arduino_101\libarc32drv_arduino101.a(ss_gpio_iface.o)
 .text.ss_gpio_8b1_ISR
                0x40039a20       0x10 C:\Users\kehood\AppData\Local\arduino15\packages\Intel\hardware\arc32\1.0.5\variants\arduino_101\libarc32drv_arduino101.a(ss_gpio_iface.o)
 .text.ss_gpio_8b0_ISR
                0x40039a30       0x10 C:\Users\kehood\AppData\Local\arduino15\packages\Intel\hardware\arc32\1.0.5\variants\arduino_101\libarc32drv_arduino101.a(ss_gpio_iface.o)
 .text.ss_gpio_deconfig
                0x40039a40       0x74 C:\Users\kehood\AppData\Local\arduino15\packages\Intel\hardware\arc32\1.0.5\variants\arduino_101\libarc32drv_arduino101.a(ss_gpio_iface.o)
                0x40039a40                ss_gpio_deconfig
 .text.ss_gpio_enable
                0x40039ab4       0x9c C:\Users\kehood\AppData\Local\arduino15\packages\Intel\hardware\arc32\1.0.5\variants\arduino_101\libarc32drv_arduino101.a(ss_gpio_iface.o)
                0x40039ab4                ss_gpio_enable
 .text.ss_gpio_set_config
                0x40039b50      0x1a4 C:\Users\kehood\AppData\Local\arduino15\packages\Intel\hardware\arc32\1.0.5\variants\arduino_101\libarc32drv_arduino101.a(ss_gpio_iface.o)
                0x40039b50                ss_gpio_set_config
 .text.i2c_mst1_stop_detected_ISR
                0x40039cf4       0x18 C:\Users\kehood\AppData\Local\arduino15\packages\Intel\hardware\arc32\1.0.5\variants\arduino_101\libarc32drv_arduino101.a(ss_i2c_iface.o)
 .text.i2c_mst0_stop_detected_ISR
                0x40039d0c       0x18 C:\Users\kehood\AppData\Local\arduino15\packages\Intel\hardware\arc32\1.0.5\variants\arduino_101\libarc32drv_arduino101.a(ss_i2c_iface.o)
 .text.i2c_mst1_tx_req_ISR
                0x40039d24       0x18 C:\Users\kehood\AppData\Local\arduino15\packages\Intel\hardware\arc32\1.0.5\variants\arduino_101\libarc32drv_arduino101.a(ss_i2c_iface.o)
 .text.i2c_mst0_tx_req_ISR
                0x40039d3c       0x18 C:\Users\kehood\AppData\Local\arduino15\packages\Intel\hardware\arc32\1.0.5\variants\arduino_101\libarc32drv_arduino101.a(ss_i2c_iface.o)
 .text.i2c_mst1_rx_avail_ISR
                0x40039d54       0x18 C:\Users\kehood\AppData\Local\arduino15\packages\Intel\hardware\arc32\1.0.5\variants\arduino_101\libarc32drv_arduino101.a(ss_i2c_iface.o)
 .text.i2c_mst0_rx_avail_ISR
                0x40039d6c       0x18 C:\Users\kehood\AppData\Local\arduino15\packages\Intel\hardware\arc32\1.0.5\variants\arduino_101\libarc32drv_arduino101.a(ss_i2c_iface.o)
 .text.i2c_mst1_err_ISR
                0x40039d84       0x18 C:\Users\kehood\AppData\Local\arduino15\packages\Intel\hardware\arc32\1.0.5\variants\arduino_101\libarc32drv_arduino101.a(ss_i2c_iface.o)
 .text.i2c_mst0_err_ISR
                0x40039d9c       0x18 C:\Users\kehood\AppData\Local\arduino15\packages\Intel\hardware\arc32\1.0.5\variants\arduino_101\libarc32drv_arduino101.a(ss_i2c_iface.o)
 .text.ss_i2c_set_config
                0x40039db4      0x198 C:\Users\kehood\AppData\Local\arduino15\packages\Intel\hardware\arc32\1.0.5\variants\arduino_101\libarc32drv_arduino101.a(ss_i2c_iface.o)
                0x40039db4                ss_i2c_set_config
 .text.ss_i2c_clock_enable
                0x40039f4c       0x44 C:\Users\kehood\AppData\Local\arduino15\packages\Intel\hardware\arc32\1.0.5\variants\arduino_101\libarc32drv_arduino101.a(ss_i2c_iface.o)
                0x40039f4c                ss_i2c_clock_enable
 .text.ss_i2c_transfer
                0x40039f90       0x98 C:\Users\kehood\AppData\Local\arduino15\packages\Intel\hardware\arc32\1.0.5\variants\arduino_101\libarc32drv_arduino101.a(ss_i2c_iface.o)
                0x40039f90                ss_i2c_transfer
 .text.ss_i2c_status
                0x4003a028       0x5c C:\Users\kehood\AppData\Local\arduino15\packages\Intel\hardware\arc32\1.0.5\variants\arduino_101\libarc32drv_arduino101.a(ss_i2c_iface.o)
                0x4003a028                ss_i2c_status
 .text.free_message_ipc
                0x4003a084       0x18 C:\Users\kehood\AppData\Local\arduino15\packages\Intel\hardware\arc32\1.0.5\variants\arduino_101\libarc32drv_arduino101.a(cfw_platform.o)
 .text.send_message_ipc
                0x4003a09c       0x18 C:\Users\kehood\AppData\Local\arduino15\packages\Intel\hardware\arc32\1.0.5\variants\arduino_101\libarc32drv_arduino101.a(cfw_platform.o)
 .text.ipc_mbx_isr
                0x4003a0b4       0x30 C:\Users\kehood\AppData\Local\arduino15\packages\Intel\hardware\arc32\1.0.5\variants\arduino_101\libarc32drv_arduino101.a(cfw_platform.o)
 .text.cfw_platform_init
                0x4003a0e4       0xb0 C:\Users\kehood\AppData\Local\arduino15\packages\Intel\hardware\arc32\1.0.5\variants\arduino_101\libarc32drv_arduino101.a(cfw_platform.o)
                0x4003a0e4                cfw_platform_init
 .text.send_message_ipc_uart
                0x4003a194       0x34 C:\Users\kehood\AppData\Local\arduino15\packages\Intel\hardware\arc32\1.0.5\variants\arduino_101\libarc32drv_arduino101.a(nordic_interface.o)
                0x4003a194                send_message_ipc_uart
 .text.free_message_ipc_uart
                0x4003a1c8       0x10 C:\Users\kehood\AppData\Local\arduino15\packages\Intel\hardware\arc32\1.0.5\variants\arduino_101\libarc32drv_arduino101.a(nordic_interface.o)
                0x4003a1c8                free_message_ipc_uart
 .text.cfw_alloc_message
                0x4003a1d8       0x10 C:\Users\kehood\AppData\Local\arduino15\packages\Intel\hardware\arc32\1.0.5\variants\arduino_101\libarc32drv_arduino101.a(client_api.o)
                0x4003a1d8                cfw_alloc_message
 .text.cfw_alloc_rsp_msg
                0x4003a1e8       0x54 C:\Users\kehood\AppData\Local\arduino15\packages\Intel\hardware\arc32\1.0.5\variants\arduino_101\libarc32drv_arduino101.a(service_api.o)
                0x4003a1e8                cfw_alloc_rsp_msg
 .text._cfw_send_message
                0x4003a23c       0x10 C:\Users\kehood\AppData\Local\arduino15\packages\Intel\hardware\arc32\1.0.5\variants\arduino_101\libarc32drv_arduino101.a(service_api.o)
                0x4003a23c                _cfw_send_message
 .text.cfw_msg_free
                0x4003a24c       0x10 C:\Users\kehood\AppData\Local\arduino15\packages\Intel\hardware\arc32\1.0.5\variants\arduino_101\libarc32drv_arduino101.a(service_api.o)
                0x4003a24c                cfw_msg_free
 .text.send_service_avail_evt
                0x4003a25c       0x54 C:\Users\kehood\AppData\Local\arduino15\packages\Intel\hardware\arc32\1.0.5\variants\arduino_101\libarc32drv_arduino101.a(service_manager.o)
 .text.notify_service_avail_cb
                0x4003a2b0       0x38 C:\Users\kehood\AppData\Local\arduino15\packages\Intel\hardware\arc32\1.0.5\variants\arduino_101\libarc32drv_arduino101.a(service_manager.o)
                0x4003a2b0                notify_service_avail_cb
 .text.add_service_avail_listener
                0x4003a2e8       0x3c C:\Users\kehood\AppData\Local\arduino15\packages\Intel\hardware\arc32\1.0.5\variants\arduino_101\libarc32drv_arduino101.a(service_manager.o)
                0x4003a2e8                add_service_avail_listener
 .text.notify_service_avail
                0x4003a324       0x2c C:\Users\kehood\AppData\Local\arduino15\packages\Intel\hardware\arc32\1.0.5\variants\arduino_101\libarc32drv_arduino101.a(service_manager.o)
                0x4003a324                notify_service_avail
 .text.get_event_registered_list
                0x4003a350       0x28 C:\Users\kehood\AppData\Local\arduino15\packages\Intel\hardware\arc32\1.0.5\variants\arduino_101\libarc32drv_arduino101.a(service_manager.o)
                0x4003a350                get_event_registered_list
 .text._cfw_register_event
                0x4003a378       0x5c C:\Users\kehood\AppData\Local\arduino15\packages\Intel\hardware\arc32\1.0.5\variants\arduino_101\libarc32drv_arduino101.a(service_manager.o)
                0x4003a378                _cfw_register_event
 .text._find_service
                0x4003a3d4       0x30 C:\Users\kehood\AppData\Local\arduino15\packages\Intel\hardware\arc32\1.0.5\variants\arduino_101\libarc32drv_arduino101.a(service_manager.o)
                0x4003a3d4                _find_service
 .text.cfw_get_service
                0x4003a404       0x28 C:\Users\kehood\AppData\Local\arduino15\packages\Intel\hardware\arc32\1.0.5\variants\arduino_101\libarc32drv_arduino101.a(service_manager.o)
                0x4003a404                cfw_get_service
 .text.internal_handle_message
                0x4003a42c      0x20c C:\Users\kehood\AppData\Local\arduino15\packages\Intel\hardware\arc32\1.0.5\variants\arduino_101\libarc32drv_arduino101.a(service_manager.o)
                0x4003a42c                internal_handle_message
 .text.cfw_get_service_mgr_port_id
                0x4003a638       0x14 C:\Users\kehood\AppData\Local\arduino15\packages\Intel\hardware\arc32\1.0.5\variants\arduino_101\libarc32drv_arduino101.a(service_manager.o)
                0x4003a638                cfw_get_service_mgr_port_id
 .text._cfw_init
                0x4003a64c       0x34 C:\Users\kehood\AppData\Local\arduino15\packages\Intel\hardware\arc32\1.0.5\variants\arduino_101\libarc32drv_arduino101.a(service_manager.o)
                0x4003a64c                _cfw_init
 .text._add_service
                0x4003a680       0x48 C:\Users\kehood\AppData\Local\arduino15\packages\Intel\hardware\arc32\1.0.5\variants\arduino_101\libarc32drv_arduino101.a(service_manager.o)
                0x4003a680                _add_service
 .text._cfw_register_service
                0x4003a6c8       0x64 C:\Users\kehood\AppData\Local\arduino15\packages\Intel\hardware\arc32\1.0.5\variants\arduino_101\libarc32drv_arduino101.a(service_manager.o)
                0x4003a6c8                _cfw_register_service
 .text.handle_ipc_sync_request
                0x4003a72c       0x58 C:\Users\kehood\AppData\Local\arduino15\packages\Intel\hardware\arc32\1.0.5\variants\arduino_101\libarc32drv_arduino101.a(service_manager.o)
                0x4003a72c                handle_ipc_sync_request
 .text.ipc_init
                0x4003a784       0x48 C:\Users\kehood\AppData\Local\arduino15\packages\Intel\hardware\arc32\1.0.5\variants\arduino_101\libarc32drv_arduino101.a(ipc.o)
                0x4003a784                ipc_init
 .text.ipc_handle_message
                0x4003a7cc       0xa4 C:\Users\kehood\AppData\Local\arduino15\packages\Intel\hardware\arc32\1.0.5\variants\arduino_101\libarc32drv_arduino101.a(ipc.o)
                0x4003a7cc                ipc_handle_message
 .text.ipc_request_sync_int
                0x4003a870      0x15c C:\Users\kehood\AppData\Local\arduino15\packages\Intel\hardware\arc32\1.0.5\variants\arduino_101\libarc32drv_arduino101.a(ipc.o)
                0x4003a870                ipc_request_sync_int
 .text.ipc_sync_callback
                0x4003a9cc       0x54 C:\Users\kehood\AppData\Local\arduino15\packages\Intel\hardware\arc32\1.0.5\variants\arduino_101\libarc32drv_arduino101.a(ipc_callback.o)
                0x4003a9cc                ipc_sync_callback
 .text.log_vprintk
                0x4003aa20       0x48 C:\Users\kehood\AppData\Local\arduino15\packages\Intel\hardware\arc32\1.0.5\variants\arduino_101\libarc32drv_arduino101.a(log.o)
                0x4003aa20                log_vprintk
 .text.log_printk
                0x4003aa68       0x38 C:\Users\kehood\AppData\Local\arduino15\packages\Intel\hardware\arc32\1.0.5\variants\arduino_101\libarc32drv_arduino101.a(log.o)
                0x4003aa68                log_printk
 .text.log_write_msg
                0x4003aaa0       0x10 C:\Users\kehood\AppData\Local\arduino15\packages\Intel\hardware\arc32\1.0.5\variants\arduino_101\libarc32drv_arduino101.a(log_impl_printk.o)
                0x4003aaa0                log_write_msg
 .text.get_port
                0x4003aab0       0x40 C:\Users\kehood\AppData\Local\arduino15\packages\Intel\hardware\arc32\1.0.5\variants\arduino_101\libarc32drv_arduino101.a(port.o)
 .text.get_cpu_id
                0x4003aaf0       0x14 C:\Users\kehood\AppData\Local\arduino15\packages\Intel\hardware\arc32\1.0.5\variants\arduino_101\libarc32drv_arduino101.a(port.o)
                0x4003aaf0                get_cpu_id
 .text.port_get_port_table
                0x4003ab04       0x14 C:\Users\kehood\AppData\Local\arduino15\packages\Intel\hardware\arc32\1.0.5\variants\arduino_101\libarc32drv_arduino101.a(port.o)
                0x4003ab04                port_get_port_table
 .text.port_alloc
                0x4003ab18       0x60 C:\Users\kehood\AppData\Local\arduino15\packages\Intel\hardware\arc32\1.0.5\variants\arduino_101\libarc32drv_arduino101.a(port.o)
                0x4003ab18                port_alloc
 .text.port_set_handler
                0x4003ab78       0x28 C:\Users\kehood\AppData\Local\arduino15\packages\Intel\hardware\arc32\1.0.5\variants\arduino_101\libarc32drv_arduino101.a(port.o)
                0x4003ab78                port_set_handler
 .text.message_alloc
                0x4003aba0       0x38 C:\Users\kehood\AppData\Local\arduino15\packages\Intel\hardware\arc32\1.0.5\variants\arduino_101\libarc32drv_arduino101.a(port.o)
                0x4003aba0                message_alloc
 .text.port_process_message
                0x4003abd8       0x3c C:\Users\kehood\AppData\Local\arduino15\packages\Intel\hardware\arc32\1.0.5\variants\arduino_101\libarc32drv_arduino101.a(port.o)
                0x4003abd8                port_process_message
 .text.port_set_cpu_id
                0x4003ac14       0x24 C:\Users\kehood\AppData\Local\arduino15\packages\Intel\hardware\arc32\1.0.5\variants\arduino_101\libarc32drv_arduino101.a(port.o)
                0x4003ac14                port_set_cpu_id
 .text.port_get_cpu_id
                0x4003ac38       0x18 C:\Users\kehood\AppData\Local\arduino15\packages\Intel\hardware\arc32\1.0.5\variants\arduino_101\libarc32drv_arduino101.a(port.o)
                0x4003ac38                port_get_cpu_id
 .text.set_cpu_id
                0x4003ac50       0x14 C:\Users\kehood\AppData\Local\arduino15\packages\Intel\hardware\arc32\1.0.5\variants\arduino_101\libarc32drv_arduino101.a(port.o)
                0x4003ac50                set_cpu_id
 .text.set_cpu_message_sender
                0x4003ac64       0x18 C:\Users\kehood\AppData\Local\arduino15\packages\Intel\hardware\arc32\1.0.5\variants\arduino_101\libarc32drv_arduino101.a(port.o)
                0x4003ac64                set_cpu_message_sender
 .text.set_cpu_free_handler
                0x4003ac7c       0x18 C:\Users\kehood\AppData\Local\arduino15\packages\Intel\hardware\arc32\1.0.5\variants\arduino_101\libarc32drv_arduino101.a(port.o)
                0x4003ac7c                set_cpu_free_handler
 .text.port_send_message
                0x4003ac94       0x94 C:\Users\kehood\AppData\Local\arduino15\packages\Intel\hardware\arc32\1.0.5\variants\arduino_101\libarc32drv_arduino101.a(port.o)
                0x4003ac94                port_send_message
 .text.message_free
                0x4003ad28       0x4c C:\Users\kehood\AppData\Local\arduino15\packages\Intel\hardware\arc32\1.0.5\variants\arduino_101\libarc32drv_arduino101.a(port.o)
                0x4003ad28                message_free
 .text.queue_process_message
                0x4003ad74       0x48 C:\Users\kehood\AppData\Local\arduino15\packages\Intel\hardware\arc32\1.0.5\variants\arduino_101\libarc32drv_arduino101.a(port.o)
                0x4003ad74                queue_process_message
 .text.get_uptime_ms
                0x4003adbc       0x28 C:\Users\kehood\AppData\Local\arduino15\packages\Intel\hardware\arc32\1.0.5\variants\arduino_101\libarc32drv_arduino101.a(uptime.o)
                0x4003adbc                get_uptime_ms
 .text.list_init
                0x4003ade4       0x14 C:\Users\kehood\AppData\Local\arduino15\packages\Intel\hardware\arc32\1.0.5\variants\arduino_101\libarc32drv_arduino101.a(list.o)
                0x4003ade4                list_init
 .text.list_add
                0x4003adf8       0x28 C:\Users\kehood\AppData\Local\arduino15\packages\Intel\hardware\arc32\1.0.5\variants\arduino_101\libarc32drv_arduino101.a(list.o)
                0x4003adf8                list_add
 .text.list_foreach_del
                0x4003ae20       0x60 C:\Users\kehood\AppData\Local\arduino15\packages\Intel\hardware\arc32\1.0.5\variants\arduino_101\libarc32drv_arduino101.a(list.o)
                0x4003ae20                list_foreach_del
 .text.list_get
                0x4003ae80       0x24 C:\Users\kehood\AppData\Local\arduino15\packages\Intel\hardware\arc32\1.0.5\variants\arduino_101\libarc32drv_arduino101.a(list.o)
                0x4003ae80                list_get
 .text.cfw_alloc
                0x4003aea4       0x2c C:\Users\kehood\AppData\Local\arduino15\packages\Intel\hardware\arc32\1.0.5\variants\arduino_101\libarc32drv_arduino101.a(os.o)
                0x4003aea4                cfw_alloc
 .text.cfw_free
                0x4003aed0       0x28 C:\Users\kehood\AppData\Local\arduino15\packages\Intel\hardware\arc32\1.0.5\variants\arduino_101\libarc32drv_arduino101.a(os.o)
                0x4003aed0                cfw_free
 .text.balloc   0x4003aef8       0x10 C:\Users\kehood\AppData\Local\arduino15\packages\Intel\hardware\arc32\1.0.5\variants\arduino_101\libarc32drv_arduino101.a(os.o)
                0x4003aef8                balloc
 .text.bfree    0x4003af08       0x18 C:\Users\kehood\AppData\Local\arduino15\packages\Intel\hardware\arc32\1.0.5\variants\arduino_101\libarc32drv_arduino101.a(os.o)
                0x4003af08                bfree
 .text.queue_get_message
                0x4003af20       0x28 C:\Users\kehood\AppData\Local\arduino15\packages\Intel\hardware\arc32\1.0.5\variants\arduino_101\libarc32drv_arduino101.a(os.o)
                0x4003af20                queue_get_message
 .text.queue_send_message
                0x4003af48       0x24 C:\Users\kehood\AppData\Local\arduino15\packages\Intel\hardware\arc32\1.0.5\variants\arduino_101\libarc32drv_arduino101.a(os.o)
                0x4003af48                queue_send_message
 .text.queue_create
                0x4003af6c       0x54 C:\Users\kehood\AppData\Local\arduino15\packages\Intel\hardware\arc32\1.0.5\variants\arduino_101\libarc32drv_arduino101.a(os.o)
                0x4003af6c                queue_create
 .text.mutex_create
                0x4003afc0       0x10 C:\Users\kehood\AppData\Local\arduino15\packages\Intel\hardware\arc32\1.0.5\variants\arduino_101\libarc32drv_arduino101.a(os.o)
                0x4003afc0                mutex_create
 .text.mutex_unlock
                0x4003afd0        0xc C:\Users\kehood\AppData\Local\arduino15\packages\Intel\hardware\arc32\1.0.5\variants\arduino_101\libarc32drv_arduino101.a(os.o)
                0x4003afd0                mutex_unlock
 .text.mutex_lock
                0x4003afdc       0x10 C:\Users\kehood\AppData\Local\arduino15\packages\Intel\hardware\arc32\1.0.5\variants\arduino_101\libarc32drv_arduino101.a(os.o)
                0x4003afdc                mutex_lock
 .text._Z13PozyxLedBlinki
                0x4003afec       0x78 C:\Users\kehood\AppData\Local\Temp\VMicroBuilds\PozyxMaster\Intel_intel_arc32_arduino_101\PozyxMaster.cpp.o
                0x4003afec                PozyxLedBlink(int)
 .text._Z18Arduino101LedBlinki
                0x4003b064       0x5c C:\Users\kehood\AppData\Local\Temp\VMicroBuilds\PozyxMaster\Intel_intel_arc32_arduino_101\PozyxMaster.cpp.o
                0x4003b064                Arduino101LedBlink(int)
 .text._ZN11PozyxMaster13errorBlinkLedEv
                0x4003b0c0       0x48 C:\Users\kehood\AppData\Local\Temp\VMicroBuilds\PozyxMaster\Intel_intel_arc32_arduino_101\PozyxMaster.cpp.o
                0x4003b0c0                PozyxMaster::errorBlinkLed()
 .text._ZN11PozyxMaster14errorSetStatusEh
                0x4003b108       0x74 C:\Users\kehood\AppData\Local\Temp\VMicroBuilds\PozyxMaster\Intel_intel_arc32_arduino_101\PozyxMaster.cpp.o
                0x4003b108                PozyxMaster::errorSetStatus(unsigned char)
 .text._ZN11PozyxMaster11handleErrorERK6Stringh
                0x4003b17c       0x64 C:\Users\kehood\AppData\Local\Temp\VMicroBuilds\PozyxMaster\Intel_intel_arc32_arduino_101\PozyxMaster.cpp.o
                0x4003b17c                PozyxMaster::handleError(String const&, unsigned char)
 .text._ZN11PozyxMaster14resetVariablesEv
                0x4003b1e0       0x7c C:\Users\kehood\AppData\Local\Temp\VMicroBuilds\PozyxMaster\Intel_intel_arc32_arduino_101\PozyxMaster.cpp.o
                0x4003b1e0                PozyxMaster::resetVariables()
 .text._ZN11PozyxMaster10pozyxSetupEv
                0x4003b25c      0x20c C:\Users\kehood\AppData\Local\Temp\VMicroBuilds\PozyxMaster\Intel_intel_arc32_arduino_101\PozyxMaster.cpp.o
                0x4003b25c                PozyxMaster::pozyxSetup()
 .text._ZN11PozyxMaster16printCoordinatesE12_coordinates
                0x4003b468       0x74 C:\Users\kehood\AppData\Local\Temp\VMicroBuilds\PozyxMaster\Intel_intel_arc32_arduino_101\PozyxMaster.cpp.o
                0x4003b468                PozyxMaster::printCoordinates(_coordinates)
 .text._ZN11PozyxMaster15handleSerialMsgEv
                0x4003b4dc       0x58 C:\Users\kehood\AppData\Local\Temp\VMicroBuilds\PozyxMaster\Intel_intel_arc32_arduino_101\PozyxMaster.cpp.o
                0x4003b4dc                PozyxMaster::handleSerialMsg()
 .text.setup    0x4003b534       0x50 C:\Users\kehood\AppData\Local\Temp\VMicroBuilds\PozyxMaster\Intel_intel_arc32_arduino_101\PozyxMaster.cpp.o
                0x4003b534                setup
 .text.loop     0x4003b584       0x98 C:\Users\kehood\AppData\Local\Temp\VMicroBuilds\PozyxMaster\Intel_intel_arc32_arduino_101\PozyxMaster.cpp.o
                0x4003b584                loop
 .text._ZN7TwoWire5writeEh
                0x4003b61c       0x28 C:\Users\kehood\AppData\Local\Temp\VMicroBuilds\PozyxMaster\Intel_intel_arc32_arduino_101\Wire\Wire.cpp.o
                0x4003b61c                TwoWire::write(unsigned char)
 .text._ZN7TwoWire5writeEPKhj
                0x4003b644       0x44 C:\Users\kehood\AppData\Local\Temp\VMicroBuilds\PozyxMaster\Intel_intel_arc32_arduino_101\Wire\Wire.cpp.o
                0x4003b644                TwoWire::write(unsigned char const*, unsigned int)
 .text._ZN7TwoWire9availableEv
                0x4003b688       0x18 C:\Users\kehood\AppData\Local\Temp\VMicroBuilds\PozyxMaster\Intel_intel_arc32_arduino_101\Wire\Wire.cpp.o
                0x4003b688                TwoWire::available()
 .text._ZN7TwoWire4readEv
                0x4003b6a0       0x28 C:\Users\kehood\AppData\Local\Temp\VMicroBuilds\PozyxMaster\Intel_intel_arc32_arduino_101\Wire\Wire.cpp.o
                0x4003b6a0                TwoWire::read()
 .text._ZN7TwoWire4peekEv
                0x4003b6c8       0x20 C:\Users\kehood\AppData\Local\Temp\VMicroBuilds\PozyxMaster\Intel_intel_arc32_arduino_101\Wire\Wire.cpp.o
                0x4003b6c8                TwoWire::peek()
 .text._ZN7TwoWire5flushEv
                0x4003b6e8        0xc C:\Users\kehood\AppData\Local\Temp\VMicroBuilds\PozyxMaster\Intel_intel_arc32_arduino_101\Wire\Wire.cpp.o
                0x4003b6e8                TwoWire::flush()
 .text._ZN7TwoWireC2Ev
                0x4003b6f4       0x30 C:\Users\kehood\AppData\Local\Temp\VMicroBuilds\PozyxMaster\Intel_intel_arc32_arduino_101\Wire\Wire.cpp.o
                0x4003b6f4                TwoWire::TwoWire()
                0x4003b6f4                TwoWire::TwoWire()
 .text._ZN7TwoWire5beginEv
                0x4003b724       0x24 C:\Users\kehood\AppData\Local\Temp\VMicroBuilds\PozyxMaster\Intel_intel_arc32_arduino_101\Wire\Wire.cpp.o
                0x4003b724                TwoWire::begin()
 .text._ZN7TwoWire11requestFromEhhh
                0x4003b748       0x58 C:\Users\kehood\AppData\Local\Temp\VMicroBuilds\PozyxMaster\Intel_intel_arc32_arduino_101\Wire\Wire.cpp.o
                0x4003b748                TwoWire::requestFrom(unsigned char, unsigned char, unsigned char)
 .text._ZN7TwoWire11requestFromEiii
                0x4003b7a0       0x14 C:\Users\kehood\AppData\Local\Temp\VMicroBuilds\PozyxMaster\Intel_intel_arc32_arduino_101\Wire\Wire.cpp.o
                0x4003b7a0                TwoWire::requestFrom(int, int, int)
 .text._ZN7TwoWire17beginTransmissionEh
                0x4003b7b4       0x30 C:\Users\kehood\AppData\Local\Temp\VMicroBuilds\PozyxMaster\Intel_intel_arc32_arduino_101\Wire\Wire.cpp.o
                0x4003b7b4                TwoWire::beginTransmission(unsigned char)
 .text._ZN7TwoWire17beginTransmissionEi
                0x4003b7e4       0x10 C:\Users\kehood\AppData\Local\Temp\VMicroBuilds\PozyxMaster\Intel_intel_arc32_arduino_101\Wire\Wire.cpp.o
                0x4003b7e4                TwoWire::beginTransmission(int)
 .text._ZN7TwoWire15endTransmissionEh
                0x4003b7f4       0x4c C:\Users\kehood\AppData\Local\Temp\VMicroBuilds\PozyxMaster\Intel_intel_arc32_arduino_101\Wire\Wire.cpp.o
                0x4003b7f4                TwoWire::endTransmission(unsigned char)
 .text._GLOBAL__sub_I__ZN7TwoWireC2Ev
                0x4003b840       0x14 C:\Users\kehood\AppData\Local\Temp\VMicroBuilds\PozyxMaster\Intel_intel_arc32_arduino_101\Wire\Wire.cpp.o
 .text._ZN10PozyxClass3IRQEv
                0x4003b854       0x18 C:\Users\kehood\AppData\Local\Temp\VMicroBuilds\PozyxMaster\Intel_intel_arc32_arduino_101\CPozyx_core.cpp.o
                0x4003b854                PozyxClass::IRQ()
 .text._ZN10PozyxClass13i2cWriteWriteEhPKhi
                0x4003b86c       0x80 C:\Users\kehood\AppData\Local\Temp\VMicroBuilds\PozyxMaster\Intel_intel_arc32_arduino_101\CPozyx_core.cpp.o
                0x4003b86c                PozyxClass::i2cWriteWrite(unsigned char, unsigned char const*, int)
 .text._ZN10PozyxClass8regWriteEhPKhi
                0x4003b8ec       0xa0 C:\Users\kehood\AppData\Local\Temp\VMicroBuilds\PozyxMaster\Intel_intel_arc32_arduino_101\CPozyx_core.cpp.o
                0x4003b8ec                PozyxClass::regWrite(unsigned char, unsigned char const*, int)
 .text._ZN10PozyxClass12i2cWriteReadEPhiS0_i
                0x4003b98c       0xa8 C:\Users\kehood\AppData\Local\Temp\VMicroBuilds\PozyxMaster\Intel_intel_arc32_arduino_101\CPozyx_core.cpp.o
                0x4003b98c                PozyxClass::i2cWriteRead(unsigned char*, int, unsigned char*, int)
 .text._ZN10PozyxClass7regReadEhPhi
                0x4003ba34       0xac C:\Users\kehood\AppData\Local\Temp\VMicroBuilds\PozyxMaster\Intel_intel_arc32_arduino_101\CPozyx_core.cpp.o
                0x4003ba34                PozyxClass::regRead(unsigned char, unsigned char*, int)
 .text._ZN10PozyxClass11waitForFlagEhiPh
                0x4003bae0       0xf0 C:\Users\kehood\AppData\Local\Temp\VMicroBuilds\PozyxMaster\Intel_intel_arc32_arduino_101\CPozyx_core.cpp.o
                0x4003bae0                PozyxClass::waitForFlag(unsigned char, int, unsigned char*)
 .text._ZN10PozyxClass16waitForFlag_safeEhiPh
                0x4003bbd0       0x2c C:\Users\kehood\AppData\Local\Temp\VMicroBuilds\PozyxMaster\Intel_intel_arc32_arduino_101\CPozyx_core.cpp.o
                0x4003bbd0                PozyxClass::waitForFlag_safe(unsigned char, int, unsigned char*)
 .text._ZN10PozyxClass5beginEbiii
                0x4003bbfc      0x1a8 C:\Users\kehood\AppData\Local\Temp\VMicroBuilds\PozyxMaster\Intel_intel_arc32_arduino_101\CPozyx_core.cpp.o
                0x4003bbfc                PozyxClass::begin(bool, int, int, int)
 .text._ZN10PozyxClass11regFunctionEhPhiS0_i
                0x4003bda4       0xb8 C:\Users\kehood\AppData\Local\Temp\VMicroBuilds\PozyxMaster\Intel_intel_arc32_arduino_101\CPozyx_core.cpp.o
                0x4003bda4                PozyxClass::regFunction(unsigned char, unsigned char*, int, unsigned char*, int)
 .text._ZN10PozyxClass14remoteRegWriteEthPhi
                0x4003be5c       0xe0 C:\Users\kehood\AppData\Local\Temp\VMicroBuilds\PozyxMaster\Intel_intel_arc32_arduino_101\CPozyx_core.cpp.o
                0x4003be5c                PozyxClass::remoteRegWrite(unsigned short, unsigned char, unsigned char*, int)
 .text._ZN10PozyxClass16readRXBufferDataEPhi
                0x4003bf3c       0x8c C:\Users\kehood\AppData\Local\Temp\VMicroBuilds\PozyxMaster\Intel_intel_arc32_arduino_101\CPozyx_core.cpp.o
                0x4003bf3c                PozyxClass::readRXBufferData(unsigned char*, int)
 .text._ZN10PozyxClass13remoteRegReadEthPhi
                0x4003bfc8      0x11c C:\Users\kehood\AppData\Local\Temp\VMicroBuilds\PozyxMaster\Intel_intel_arc32_arduino_101\CPozyx_core.cpp.o
                0x4003bfc8                PozyxClass::remoteRegRead(unsigned short, unsigned char, unsigned char*, int)
 .text._ZN10PozyxClass17remoteRegFunctionEthPhiS0_i
                0x4003c0e4      0x11c C:\Users\kehood\AppData\Local\Temp\VMicroBuilds\PozyxMaster\Intel_intel_arc32_arduino_101\CPozyx_core.cpp.o
                0x4003c0e4                PozyxClass::remoteRegFunction(unsigned short, unsigned char, unsigned char*, int, unsigned char*, int)
 .text._ZN10PozyxClass12setLedConfigEht
                0x4003c200       0x4c C:\Users\kehood\AppData\Local\Temp\VMicroBuilds\PozyxMaster\Intel_intel_arc32_arduino_101\CPozyx_lib.cpp.o
                0x4003c200                PozyxClass::setLedConfig(unsigned char, unsigned short)
 .text._ZN10PozyxClass11resetSystemEt
                0x4003c24c       0x38 C:\Users\kehood\AppData\Local\Temp\VMicroBuilds\PozyxMaster\Intel_intel_arc32_arduino_101\CPozyx_lib.cpp.o
                0x4003c24c                PozyxClass::resetSystem(unsigned short)
 .text._ZN10PozyxClass12clearDevicesEt
                0x4003c284       0x4c C:\Users\kehood\AppData\Local\Temp\VMicroBuilds\PozyxMaster\Intel_intel_arc32_arduino_101\CPozyx_lib.cpp.o
                0x4003c284                PozyxClass::clearDevices(unsigned short)
 .text._ZN10PozyxClass9addDeviceE19_device_coordinatest
                0x4003c2d0       0x64 C:\Users\kehood\AppData\Local\Temp\VMicroBuilds\PozyxMaster\Intel_intel_arc32_arduino_101\CPozyx_lib.cpp.o
                0x4003c2d0                PozyxClass::addDevice(_device_coordinates, unsigned short)
 .text._Z14__assert_pozyxPKcS0_i
                0x4003c334       0x74 C:\Users\kehood\AppData\Local\Temp\VMicroBuilds\PozyxMaster\Intel_intel_arc32_arduino_101\CPozyx_lib.cpp.o
                0x4003c334                __assert_pozyx(char const*, char const*, int)
 .text._ZN10PozyxClass12getErrorCodeEPht
                0x4003c3a8       0x5c C:\Users\kehood\AppData\Local\Temp\VMicroBuilds\PozyxMaster\Intel_intel_arc32_arduino_101\CPozyx_lib.cpp.o
                0x4003c3a8                PozyxClass::getErrorCode(unsigned char*, unsigned short)
 .text._ZN10PozyxClass14getCoordinatesEP12_coordinatest
                0x4003c404       0x60 C:\Users\kehood\AppData\Local\Temp\VMicroBuilds\PozyxMaster\Intel_intel_arc32_arduino_101\CPozyx_lib.cpp.o
                0x4003c404                PozyxClass::getCoordinates(_coordinates*, unsigned short)
 .text._ZN10PozyxClass17getDeviceListSizeEPht
                0x4003c464       0x60 C:\Users\kehood\AppData\Local\Temp\VMicroBuilds\PozyxMaster\Intel_intel_arc32_arduino_101\CPozyx_lib.cpp.o
                0x4003c464                PozyxClass::getDeviceListSize(unsigned char*, unsigned short)
 .text._ZN10PozyxClass6setLedEibt
                0x4003c4c4       0x88 C:\Users\kehood\AppData\Local\Temp\VMicroBuilds\PozyxMaster\Intel_intel_arc32_arduino_101\CPozyx_lib.cpp.o
                0x4003c4c4                PozyxClass::setLed(int, bool, unsigned short)
 .text._ZN10PozyxClass13doPositioningEP12_coordinateshlh
                0x4003c54c       0xe8 C:\Users\kehood\AppData\Local\Temp\VMicroBuilds\PozyxMaster\Intel_intel_arc32_arduino_101\CPozyx_lib.cpp.o
                0x4003c54c                PozyxClass::doPositioning(_coordinates*, unsigned char, long, unsigned char)
 .text._ZN10PozyxClass19doAnchorCalibrationEiiiPtPl
                0x4003c634      0x284 C:\Users\kehood\AppData\Local\Temp\VMicroBuilds\PozyxMaster\Intel_intel_arc32_arduino_101\CPozyx_lib.cpp.o
                0x4003c634                PozyxClass::doAnchorCalibration(int, int, int, unsigned short*, long*)
 .text._ZN10PozyxClass18configInterruptPinEiiiit
                0x4003c8b8       0xbc C:\Users\kehood\AppData\Local\Temp\VMicroBuilds\PozyxMaster\Intel_intel_arc32_arduino_101\CPozyx_lib.cpp.o
                0x4003c8b8                PozyxClass::configInterruptPin(int, int, int, int, unsigned short)
 .text.ss_i2c_rx
                0x4003c974       0x18 C:\Users\kehood\AppData\Local\Temp\VMicroBuilds\PozyxMaster\Intel_intel_arc32_arduino_101/core.a(i2c.c.o)
 .text.ss_i2c_tx
                0x4003c98c       0x18 C:\Users\kehood\AppData\Local\Temp\VMicroBuilds\PozyxMaster\Intel_intel_arc32_arduino_101/core.a(i2c.c.o)
 .text.ss_i2c_err
                0x4003c9a4       0x18 C:\Users\kehood\AppData\Local\Temp\VMicroBuilds\PozyxMaster\Intel_intel_arc32_arduino_101/core.a(i2c.c.o)
 .text.wait_dev_ready.constprop.0
                0x4003c9bc       0x40 C:\Users\kehood\AppData\Local\Temp\VMicroBuilds\PozyxMaster\Intel_intel_arc32_arduino_101/core.a(i2c.c.o)
 .text.i2c_openadapter
                0x4003c9fc       0xac C:\Users\kehood\AppData\Local\Temp\VMicroBuilds\PozyxMaster\Intel_intel_arc32_arduino_101/core.a(i2c.c.o)
                0x4003c9fc                i2c_openadapter
 .text.i2c_setslave
                0x4003caa8       0x14 C:\Users\kehood\AppData\Local\Temp\VMicroBuilds\PozyxMaster\Intel_intel_arc32_arduino_101/core.a(i2c.c.o)
                0x4003caa8                i2c_setslave
 .text.i2c_writebytes
                0x4003cabc       0x94 C:\Users\kehood\AppData\Local\Temp\VMicroBuilds\PozyxMaster\Intel_intel_arc32_arduino_101/core.a(i2c.c.o)
                0x4003cabc                i2c_writebytes
 .text.i2c_readbytes
                0x4003cb50       0x90 C:\Users\kehood\AppData\Local\Temp\VMicroBuilds\PozyxMaster\Intel_intel_arc32_arduino_101/core.a(i2c.c.o)
                0x4003cb50                i2c_readbytes
 .text.attachInterrupt
                0x4003cbe0       0xc4 C:\Users\kehood\AppData\Local\Temp\VMicroBuilds\PozyxMaster\Intel_intel_arc32_arduino_101/core.a(WInterrupts.c.o)
                0x4003cbe0                attachInterrupt
 .text.delay    0x4003cca4       0xc4 C:\Users\kehood\AppData\Local\Temp\VMicroBuilds\PozyxMaster\Intel_intel_arc32_arduino_101/core.a(wiring.c.o)
                0x4003cca4                delay
 .text.millis   0x4003cd68       0x40 C:\Users\kehood\AppData\Local\Temp\VMicroBuilds\PozyxMaster\Intel_intel_arc32_arduino_101/core.a(wiring.c.o)
                0x4003cd68                millis
 .text.pinMode  0x4003cda8       0xf4 C:\Users\kehood\AppData\Local\Temp\VMicroBuilds\PozyxMaster\Intel_intel_arc32_arduino_101/core.a(wiring_digital.c.o)
                0x4003cda8                pinMode
 .text.digitalWrite
                0x4003ce9c       0xb0 C:\Users\kehood\AppData\Local\Temp\VMicroBuilds\PozyxMaster\Intel_intel_arc32_arduino_101/core.a(wiring_digital.c.o)
                0x4003ce9c                digitalWrite
 .text._ZN14CDCSerialClass3endEv
                0x4003cf4c       0x14 C:\Users\kehood\AppData\Local\Temp\VMicroBuilds\PozyxMaster\Intel_intel_arc32_arduino_101/core.a(CDCSerialClass.cpp.o)
                0x4003cf4c                CDCSerialClass::end()
 .text._ZN14CDCSerialClass4peekEv
                0x4003cf60       0x28 C:\Users\kehood\AppData\Local\Temp\VMicroBuilds\PozyxMaster\Intel_intel_arc32_arduino_101/core.a(CDCSerialClass.cpp.o)
                0x4003cf60                CDCSerialClass::peek()
 .text._ZN14CDCSerialClass4readEv
                0x4003cf88       0x48 C:\Users\kehood\AppData\Local\Temp\VMicroBuilds\PozyxMaster\Intel_intel_arc32_arduino_101/core.a(CDCSerialClass.cpp.o)
                0x4003cf88                CDCSerialClass::read()
 .text._ZN14CDCSerialClasscvbEv
                0x4003cfd0       0x34 C:\Users\kehood\AppData\Local\Temp\VMicroBuilds\PozyxMaster\Intel_intel_arc32_arduino_101/core.a(CDCSerialClass.cpp.o)
                0x4003cfd0                CDCSerialClass::operator bool()
 .text._ZN14CDCSerialClass5flushEv
                0x4003d004       0x2c C:\Users\kehood\AppData\Local\Temp\VMicroBuilds\PozyxMaster\Intel_intel_arc32_arduino_101/core.a(CDCSerialClass.cpp.o)
                0x4003d004                CDCSerialClass::flush()
 .text._ZN14CDCSerialClass9availableEv
                0x4003d030       0x40 C:\Users\kehood\AppData\Local\Temp\VMicroBuilds\PozyxMaster\Intel_intel_arc32_arduino_101/core.a(CDCSerialClass.cpp.o)
                0x4003d030                CDCSerialClass::available()
 .text._ZN14CDCSerialClass5writeEh
                0x4003d070       0x50 C:\Users\kehood\AppData\Local\Temp\VMicroBuilds\PozyxMaster\Intel_intel_arc32_arduino_101/core.a(CDCSerialClass.cpp.o)
                0x4003d070                CDCSerialClass::write(unsigned char)
 .text._ZN14CDCSerialClassC2EP14uart_init_info
                0x4003d0c0       0x20 C:\Users\kehood\AppData\Local\Temp\VMicroBuilds\PozyxMaster\Intel_intel_arc32_arduino_101/core.a(CDCSerialClass.cpp.o)
                0x4003d0c0                CDCSerialClass::CDCSerialClass(uart_init_info*)
                0x4003d0c0                CDCSerialClass::CDCSerialClass(uart_init_info*)
 .text._ZN14CDCSerialClass13setSharedDataEP19cdc_acm_shared_data
                0x4003d0e0       0x18 C:\Users\kehood\AppData\Local\Temp\VMicroBuilds\PozyxMaster\Intel_intel_arc32_arduino_101/core.a(CDCSerialClass.cpp.o)
                0x4003d0e0                CDCSerialClass::setSharedData(cdc_acm_shared_data*)
 .text._ZN14CDCSerialClass4initEmh
                0x4003d0f8       0x38 C:\Users\kehood\AppData\Local\Temp\VMicroBuilds\PozyxMaster\Intel_intel_arc32_arduino_101/core.a(CDCSerialClass.cpp.o)
                0x4003d0f8                CDCSerialClass::init(unsigned long, unsigned char)
 .text._ZN14CDCSerialClass5beginEm
                0x4003d130       0x10 C:\Users\kehood\AppData\Local\Temp\VMicroBuilds\PozyxMaster\Intel_intel_arc32_arduino_101/core.a(CDCSerialClass.cpp.o)
                0x4003d130                CDCSerialClass::begin(unsigned long)
 .text.main     0x4003d140       0x28 C:\Users\kehood\AppData\Local\Temp\VMicroBuilds\PozyxMaster\Intel_intel_arc32_arduino_101/core.a(main.cpp.o)
                0x4003d140                main
 .text._ZN5Print5writeEPKhj
                0x4003d168       0x38 C:\Users\kehood\AppData\Local\Temp\VMicroBuilds\PozyxMaster\Intel_intel_arc32_arduino_101/core.a(Print.cpp.o)
                0x4003d168                Print::write(unsigned char const*, unsigned int)
 .text._ZN5Print5writeEPKc
                0x4003d1a0       0x44 C:\Users\kehood\AppData\Local\Temp\VMicroBuilds\PozyxMaster\Intel_intel_arc32_arduino_101/core.a(Print.cpp.o)
                0x4003d1a0                Print::write(char const*)
 .text._ZN5Print5printERK6String
                0x4003d1e4       0x48 C:\Users\kehood\AppData\Local\Temp\VMicroBuilds\PozyxMaster\Intel_intel_arc32_arduino_101/core.a(Print.cpp.o)
                0x4003d1e4                Print::print(String const&)
 .text._ZN5Print5printEPKc
                0x4003d22c       0x10 C:\Users\kehood\AppData\Local\Temp\VMicroBuilds\PozyxMaster\Intel_intel_arc32_arduino_101/core.a(Print.cpp.o)
                0x4003d22c                Print::print(char const*)
 .text._ZN5Print5printEc
                0x4003d23c       0x14 C:\Users\kehood\AppData\Local\Temp\VMicroBuilds\PozyxMaster\Intel_intel_arc32_arduino_101/core.a(Print.cpp.o)
                0x4003d23c                Print::print(char)
 .text._ZN5Print7printlnEv
                0x4003d250       0x2c C:\Users\kehood\AppData\Local\Temp\VMicroBuilds\PozyxMaster\Intel_intel_arc32_arduino_101/core.a(Print.cpp.o)
                0x4003d250                Print::println()
 .text._ZN5Print7printlnERK6String
                0x4003d27c       0x28 C:\Users\kehood\AppData\Local\Temp\VMicroBuilds\PozyxMaster\Intel_intel_arc32_arduino_101/core.a(Print.cpp.o)
                0x4003d27c                Print::println(String const&)
 .text._ZN5Print7printlnEPKc
                0x4003d2a4       0x28 C:\Users\kehood\AppData\Local\Temp\VMicroBuilds\PozyxMaster\Intel_intel_arc32_arduino_101/core.a(Print.cpp.o)
                0x4003d2a4                Print::println(char const*)
 .text._ZN5Print11printNumberEmh
                0x4003d2cc       0x70 C:\Users\kehood\AppData\Local\Temp\VMicroBuilds\PozyxMaster\Intel_intel_arc32_arduino_101/core.a(Print.cpp.o)
                0x4003d2cc                Print::printNumber(unsigned long, unsigned char)
 .text._ZN5Print5printEli
                0x4003d33c       0x68 C:\Users\kehood\AppData\Local\Temp\VMicroBuilds\PozyxMaster\Intel_intel_arc32_arduino_101/core.a(Print.cpp.o)
                0x4003d33c                Print::print(long, int)
 .text._ZN5Print5printEii
                0x4003d3a4       0x10 C:\Users\kehood\AppData\Local\Temp\VMicroBuilds\PozyxMaster\Intel_intel_arc32_arduino_101/core.a(Print.cpp.o)
                0x4003d3a4                Print::print(int, int)
 .text._ZN5Print7printlnEii
                0x4003d3b4       0x28 C:\Users\kehood\AppData\Local\Temp\VMicroBuilds\PozyxMaster\Intel_intel_arc32_arduino_101/core.a(Print.cpp.o)
                0x4003d3b4                Print::println(int, int)
 .text._ZN5Print5printEmi
                0x4003d3dc       0x20 C:\Users\kehood\AppData\Local\Temp\VMicroBuilds\PozyxMaster\Intel_intel_arc32_arduino_101/core.a(Print.cpp.o)
                0x4003d3dc                Print::print(unsigned long, int)
 .text._ZN5Print5printEhi
                0x4003d3fc       0x10 C:\Users\kehood\AppData\Local\Temp\VMicroBuilds\PozyxMaster\Intel_intel_arc32_arduino_101/core.a(Print.cpp.o)
                0x4003d3fc                Print::print(unsigned char, int)
 .text._ZN5Print7printlnEhi
                0x4003d40c       0x2c C:\Users\kehood\AppData\Local\Temp\VMicroBuilds\PozyxMaster\Intel_intel_arc32_arduino_101/core.a(Print.cpp.o)
                0x4003d40c                Print::println(unsigned char, int)
 .text._ZN6StringD2Ev
                0x4003d438       0x10 C:\Users\kehood\AppData\Local\Temp\VMicroBuilds\PozyxMaster\Intel_intel_arc32_arduino_101/core.a(WString.cpp.o)
                0x4003d438                String::~String()
                0x4003d438                String::~String()
 .text._ZN6String10invalidateEv
                0x4003d448       0x2c C:\Users\kehood\AppData\Local\Temp\VMicroBuilds\PozyxMaster\Intel_intel_arc32_arduino_101/core.a(WString.cpp.o)
                0x4003d448                String::invalidate()
 .text._ZN6String12changeBufferEj
                0x4003d474       0x30 C:\Users\kehood\AppData\Local\Temp\VMicroBuilds\PozyxMaster\Intel_intel_arc32_arduino_101/core.a(WString.cpp.o)
                0x4003d474                String::changeBuffer(unsigned int)
 .text._ZN6String7reserveEj
                0x4003d4a4       0x3c C:\Users\kehood\AppData\Local\Temp\VMicroBuilds\PozyxMaster\Intel_intel_arc32_arduino_101/core.a(WString.cpp.o)
                0x4003d4a4                String::reserve(unsigned int)
 .text._ZN6String4copyEPKcj
                0x4003d4e0       0x3c C:\Users\kehood\AppData\Local\Temp\VMicroBuilds\PozyxMaster\Intel_intel_arc32_arduino_101/core.a(WString.cpp.o)
                0x4003d4e0                String::copy(char const*, unsigned int)
 .text._ZN6StringC2EPKc
                0x4003d51c       0x50 C:\Users\kehood\AppData\Local\Temp\VMicroBuilds\PozyxMaster\Intel_intel_arc32_arduino_101/core.a(WString.cpp.o)
                0x4003d51c                String::String(char const*)
                0x4003d51c                String::String(char const*)
 .text._ZNK6StringixEj
                0x4003d56c       0x20 C:\Users\kehood\AppData\Local\Temp\VMicroBuilds\PozyxMaster\Intel_intel_arc32_arduino_101/core.a(WString.cpp.o)
                0x4003d56c                String::operator[](unsigned int) const
 .text._Z11serialEventv
                0x4003d58c        0xc C:\Users\kehood\AppData\Local\Temp\VMicroBuilds\PozyxMaster\Intel_intel_arc32_arduino_101/core.a(variant.cpp.o)
                0x4003d58c                serialEvent()
 .text._Z12UART_Handlerv
                0x4003d598       0x14 C:\Users\kehood\AppData\Local\Temp\VMicroBuilds\PozyxMaster\Intel_intel_arc32_arduino_101/core.a(variant.cpp.o)
                0x4003d598                UART_Handler()
 .text._Z12serialEvent1v
                0x4003d5ac        0xc C:\Users\kehood\AppData\Local\Temp\VMicroBuilds\PozyxMaster\Intel_intel_arc32_arduino_101/core.a(variant.cpp.o)
                0x4003d5ac                serialEvent1()
 .text.variantGpioInit
                0x4003d5b8       0xe0 C:\Users\kehood\AppData\Local\Temp\VMicroBuilds\PozyxMaster\Intel_intel_arc32_arduino_101/core.a(variant.cpp.o)
                0x4003d5b8                variantGpioInit
 .text.variantPwmInit
                0x4003d698       0x3c C:\Users\kehood\AppData\Local\Temp\VMicroBuilds\PozyxMaster\Intel_intel_arc32_arduino_101/core.a(variant.cpp.o)
                0x4003d698                variantPwmInit
 .text.variantAdcInit
                0x4003d6d4       0xa8 C:\Users\kehood\AppData\Local\Temp\VMicroBuilds\PozyxMaster\Intel_intel_arc32_arduino_101/core.a(variant.cpp.o)
                0x4003d6d4                variantAdcInit
 .text.initVariant
                0x4003d77c       0x30 C:\Users\kehood\AppData\Local\Temp\VMicroBuilds\PozyxMaster\Intel_intel_arc32_arduino_101/core.a(variant.cpp.o)
                0x4003d77c                initVariant
 .text._GLOBAL__sub_I_g_APinDescription
                0x4003d7ac       0x50 C:\Users\kehood\AppData\Local\Temp\VMicroBuilds\PozyxMaster\Intel_intel_arc32_arduino_101/core.a(variant.cpp.o)
 .text._Z14serialEventRunv
                0x4003d7fc       0x38 C:\Users\kehood\AppData\Local\Temp\VMicroBuilds\PozyxMaster\Intel_intel_arc32_arduino_101/core.a(variant.cpp.o)
                0x4003d7fc                serialEventRun()
 .text.__empty  0x4003d834        0xc C:\Users\kehood\AppData\Local\Temp\VMicroBuilds\PozyxMaster\Intel_intel_arc32_arduino_101/core.a(hooks.c.o)
                0x4003d834                yield
 .text._ZN10RingBufferC2Ev
                0x4003d840       0x30 C:\Users\kehood\AppData\Local\Temp\VMicroBuilds\PozyxMaster\Intel_intel_arc32_arduino_101/core.a(RingBuffer.cpp.o)
                0x4003d840                RingBuffer::RingBuffer()
                0x4003d840                RingBuffer::RingBuffer()
 .text._ZN10RingBuffer10store_charEh
                0x4003d870       0x38 C:\Users\kehood\AppData\Local\Temp\VMicroBuilds\PozyxMaster\Intel_intel_arc32_arduino_101/core.a(RingBuffer.cpp.o)
                0x4003d870                RingBuffer::store_char(unsigned char)
 .text._ZN9UARTClasscvbEv
                0x4003d8a8       0x10 C:\Users\kehood\AppData\Local\Temp\VMicroBuilds\PozyxMaster\Intel_intel_arc32_arduino_101/core.a(UARTClass.cpp.o)
                0x4003d8a8                UARTClass::operator bool()
 .text._ZN9UARTClass9availableEv
                0x4003d8b8       0x1c C:\Users\kehood\AppData\Local\Temp\VMicroBuilds\PozyxMaster\Intel_intel_arc32_arduino_101/core.a(UARTClass.cpp.o)
                0x4003d8b8                UARTClass::available()
 .text._ZN9UARTClass4peekEv
                0x4003d8d4       0x24 C:\Users\kehood\AppData\Local\Temp\VMicroBuilds\PozyxMaster\Intel_intel_arc32_arduino_101/core.a(UARTClass.cpp.o)
                0x4003d8d4                UARTClass::peek()
 .text._ZN9UARTClass4readEv
                0x4003d8f8       0x2c C:\Users\kehood\AppData\Local\Temp\VMicroBuilds\PozyxMaster\Intel_intel_arc32_arduino_101/core.a(UARTClass.cpp.o)
                0x4003d8f8                UARTClass::read()
 .text._ZN9UARTClass3endEv
                0x4003d924       0x54 C:\Users\kehood\AppData\Local\Temp\VMicroBuilds\PozyxMaster\Intel_intel_arc32_arduino_101/core.a(UARTClass.cpp.o)
                0x4003d924                UARTClass::end()
 .text._ZN9UARTClass5flushEv
                0x4003d978       0x28 C:\Users\kehood\AppData\Local\Temp\VMicroBuilds\PozyxMaster\Intel_intel_arc32_arduino_101/core.a(UARTClass.cpp.o)
                0x4003d978                UARTClass::flush()
 .text._ZN9UARTClass5writeEh
                0x4003d9a0       0x68 C:\Users\kehood\AppData\Local\Temp\VMicroBuilds\PozyxMaster\Intel_intel_arc32_arduino_101/core.a(UARTClass.cpp.o)
                0x4003d9a0                UARTClass::write(unsigned char)
 .text._ZN9UARTClassC2EP14uart_init_infoP10RingBufferS3_
                0x4003da08       0x24 C:\Users\kehood\AppData\Local\Temp\VMicroBuilds\PozyxMaster\Intel_intel_arc32_arduino_101/core.a(UARTClass.cpp.o)
                0x4003da08                UARTClass::UARTClass(uart_init_info*, RingBuffer*, RingBuffer*)
                0x4003da08                UARTClass::UARTClass(uart_init_info*, RingBuffer*, RingBuffer*)
 .text._ZN9UARTClass4initEmh
                0x4003da2c       0xc8 C:\Users\kehood\AppData\Local\Temp\VMicroBuilds\PozyxMaster\Intel_intel_arc32_arduino_101/core.a(UARTClass.cpp.o)
                0x4003da2c                UARTClass::init(unsigned long, unsigned char)
 .text._ZN9UARTClass5beginEmh
                0x4003daf4       0x28 C:\Users\kehood\AppData\Local\Temp\VMicroBuilds\PozyxMaster\Intel_intel_arc32_arduino_101/core.a(UARTClass.cpp.o)
                0x4003daf4                UARTClass::begin(unsigned long, unsigned char)
 .text._ZN9UARTClass5beginEm
                0x4003db1c       0x10 C:\Users\kehood\AppData\Local\Temp\VMicroBuilds\PozyxMaster\Intel_intel_arc32_arduino_101/core.a(UARTClass.cpp.o)
                0x4003db1c                UARTClass::begin(unsigned long)
 .text._ZN9UARTClass10IrqHandlerEv
                0x4003db2c       0x74 C:\Users\kehood\AppData\Local\Temp\VMicroBuilds\PozyxMaster\Intel_intel_arc32_arduino_101/core.a(UARTClass.cpp.o)
                0x4003db2c                UARTClass::IrqHandler()
                0x4003dba0                __text_end = .

ctors           0x4003dba0       0x10
                0x4003dba0                . = ALIGN (0x4)
                0x4003dba0                __CTOR_LIST__ = .
                0x4003dba0        0x4 LONG 0x2 (((__CTOR_END__ - __CTOR_LIST__) / 0x4) - 0x2)
 *(SORT(.ctors*))
 .ctors         0x4003dba4        0x4 C:\Users\kehood\AppData\Local\Temp\VMicroBuilds\PozyxMaster\Intel_intel_arc32_arduino_101\Wire\Wire.cpp.o
 .ctors         0x4003dba8        0x4 C:\Users\kehood\AppData\Local\Temp\VMicroBuilds\PozyxMaster\Intel_intel_arc32_arduino_101/core.a(variant.cpp.o)
                0x4003dbac        0x4 LONG 0x0
                0x4003dbb0                __CTOR_END__ = .

rodata          0x4003dbb0      0xe24
 *(.rodata)
 .rodata        0x4003dbb0        0x8 c:/users/kehood/appdata/local/arduino15/packages/intel/tools/arc-elf32/1.6.4+1.0/bin/../lib/gcc/arc-elf32/4.8.3/../../../../arc-elf32/lib\libc.a(lib_a-impure.o)
                0x4003dbb4                _global_impure_ptr
 .rodata        0x4003dbb8       0x10 c:/users/kehood/appdata/local/arduino15/packages/intel/tools/arc-elf32/1.6.4+1.0/bin/../lib/gcc/arc-elf32/4.8.3\libgcc.a(fp-bit.o)
                0x4003dbb8                __thenan_sf
 .rodata        0x4003dbc8       0x14 c:/users/kehood/appdata/local/arduino15/packages/intel/tools/arc-elf32/1.6.4+1.0/bin/../lib/gcc/arc-elf32/4.8.3\libgcc.a(dp-bit.o)
                0x4003dbc8                __thenan_df
 .rodata        0x4003dbdc      0x100 c:/users/kehood/appdata/local/arduino15/packages/intel/tools/arc-elf32/1.6.4+1.0/bin/../lib/gcc/arc-elf32/4.8.3\libgcc.a(_clz.o)
                0x4003dbdc                __clz_tab
 *(.rodata.*)
 .rodata.str1.4
                0x4003dcdc       0x95 C:\Users\kehood\AppData\Local\arduino15\packages\Intel\hardware\arc32\1.0.5\variants\arduino_101\libarc32drv_arduino101.a(service_manager.o)
                                 0x98 (size before relaxing)
 *fill*         0x4003dd71        0x3 
 .rodata.__func__.2670
                0x4003dd74       0x18 C:\Users\kehood\AppData\Local\arduino15\packages\Intel\hardware\arc32\1.0.5\variants\arduino_101\libarc32drv_arduino101.a(service_manager.o)
 .rodata.str1.4
                0x4003dd8c       0x73 C:\Users\kehood\AppData\Local\arduino15\packages\Intel\hardware\arc32\1.0.5\variants\arduino_101\libarc32drv_arduino101.a(ipc.o)
                                 0x74 (size before relaxing)
 *fill*         0x4003ddff        0x1 
 .rodata.str1.4
                0x4003de00       0x32 C:\Users\kehood\AppData\Local\arduino15\packages\Intel\hardware\arc32\1.0.5\variants\arduino_101\libarc32drv_arduino101.a(port.o)
                                 0x34 (size before relaxing)
 *fill*         0x4003de32        0x2 
 .rodata.str1.4
                0x4003de34      0x334 C:\Users\kehood\AppData\Local\Temp\VMicroBuilds\PozyxMaster\Intel_intel_arc32_arduino_101\PozyxMaster.cpp.o
                                0x338 (size before relaxing)
 .rodata._ZTV7TwoWire
                0x4003e168       0x20 C:\Users\kehood\AppData\Local\Temp\VMicroBuilds\PozyxMaster\Intel_intel_arc32_arduino_101\Wire\Wire.cpp.o
                0x4003e168                vtable for TwoWire
 .rodata.str1.4
                0x4003e188       0xe7 C:\Users\kehood\AppData\Local\Temp\VMicroBuilds\PozyxMaster\Intel_intel_arc32_arduino_101\CPozyx_core.cpp.o
                                 0xe8 (size before relaxing)
 *fill*         0x4003e26f        0x1 
 .rodata._ZZN10PozyxClass11regFunctionEhPhiS0_iE8__func__
                0x4003e270        0xc C:\Users\kehood\AppData\Local\Temp\VMicroBuilds\PozyxMaster\Intel_intel_arc32_arduino_101\CPozyx_core.cpp.o
 .rodata.str1.4
                0x4003e27c      0x68c C:\Users\kehood\AppData\Local\Temp\VMicroBuilds\PozyxMaster\Intel_intel_arc32_arduino_101\CPozyx_lib.cpp.o
                                0x6ac (size before relaxing)
 .rodata._ZZN10PozyxClass18configInterruptPinEiiiitE8__func__
                0x4003e908       0x14 C:\Users\kehood\AppData\Local\Temp\VMicroBuilds\PozyxMaster\Intel_intel_arc32_arduino_101\CPozyx_lib.cpp.o
 .rodata._ZZN10PozyxClass19doAnchorCalibrationEiiiPtPlE8__func__
                0x4003e91c       0x14 C:\Users\kehood\AppData\Local\Temp\VMicroBuilds\PozyxMaster\Intel_intel_arc32_arduino_101\CPozyx_lib.cpp.o
 .rodata._ZZN10PozyxClass13doPositioningEP12_coordinateshlhE8__func__
                0x4003e930       0x10 C:\Users\kehood\AppData\Local\Temp\VMicroBuilds\PozyxMaster\Intel_intel_arc32_arduino_101\CPozyx_lib.cpp.o
 .rodata._ZZN10PozyxClass6setLedEibtE8__func__
                0x4003e940        0x8 C:\Users\kehood\AppData\Local\Temp\VMicroBuilds\PozyxMaster\Intel_intel_arc32_arduino_101\CPozyx_lib.cpp.o
 .rodata._ZZN10PozyxClass17getDeviceListSizeEPhtE8__func__
                0x4003e948       0x14 C:\Users\kehood\AppData\Local\Temp\VMicroBuilds\PozyxMaster\Intel_intel_arc32_arduino_101\CPozyx_lib.cpp.o
 .rodata._ZZN10PozyxClass14getCoordinatesEP12_coordinatestE8__func__
                0x4003e95c       0x10 C:\Users\kehood\AppData\Local\Temp\VMicroBuilds\PozyxMaster\Intel_intel_arc32_arduino_101\CPozyx_lib.cpp.o
 .rodata._ZZN10PozyxClass12getErrorCodeEPhtE8__func__
                0x4003e96c       0x10 C:\Users\kehood\AppData\Local\Temp\VMicroBuilds\PozyxMaster\Intel_intel_arc32_arduino_101\CPozyx_lib.cpp.o
 .rodata._ZTV14CDCSerialClass
                0x4003e97c       0x2c C:\Users\kehood\AppData\Local\Temp\VMicroBuilds\PozyxMaster\Intel_intel_arc32_arduino_101/core.a(CDCSerialClass.cpp.o)
                0x4003e97c                vtable for CDCSerialClass
 .rodata._ZTV9UARTClass
                0x4003e9a8       0x2c C:\Users\kehood\AppData\Local\Temp\VMicroBuilds\PozyxMaster\Intel_intel_arc32_arduino_101/core.a(UARTClass.cpp.o)
                0x4003e9a8                vtable for UARTClass
                0x4003e9d4                __data_rom_start = ALIGN (0x4)

datas           0xa800e000      0xe20 load address 0x4003e9d4
                0xa800e000                __data_ram_start = .
 *(.data)
 .data          0xa800e000       0xd4 C:\Users\kehood\AppData\Local\arduino15\packages\Intel\hardware\arc32\1.0.5\variants\arduino_101\libarc32drv_arduino101.a(interrupt.o)
                0xa800e000                _IsrTable
 .data          0xa800e0d4      0x410 c:/users/kehood/appdata/local/arduino15/packages/intel/tools/arc-elf32/1.6.4+1.0/bin/../lib/gcc/arc-elf32/4.8.3/../../../../arc-elf32/lib\libc.a(lib_a-mallocr.o)
                0xa800e0d4                __malloc_av_
                0xa800e4dc                __malloc_trim_threshold
                0xa800e4e0                __malloc_sbrk_base
 .data          0xa800e4e4      0x428 c:/users/kehood/appdata/local/arduino15/packages/intel/tools/arc-elf32/1.6.4+1.0/bin/../lib/gcc/arc-elf32/4.8.3/../../../../arc-elf32/lib\libc.a(lib_a-impure.o)
                0xa800e908                _impure_ptr
 *(.data.*)
 .data.gpio_ports_devs
                0xa800e90c       0x30 C:\Users\kehood\AppData\Local\arduino15\packages\Intel\hardware\arc32\1.0.5\variants\arduino_101\libarc32drv_arduino101.a(soc_gpio.o)
 .data.gpio_ports_devs
                0xa800e93c       0x30 C:\Users\kehood\AppData\Local\arduino15\packages\Intel\hardware\arc32\1.0.5\variants\arduino_101\libarc32drv_arduino101.a(ss_gpio_iface.o)
 .data.i2c_master_devs
                0xa800e96c      0x150 C:\Users\kehood\AppData\Local\arduino15\packages\Intel\hardware\arc32\1.0.5\variants\arduino_101\libarc32drv_arduino101.a(ss_i2c_iface.o)
 .data._ZN11PozyxMaster4tagsE
                0xa800eabc        0x4 C:\Users\kehood\AppData\Local\Temp\VMicroBuilds\PozyxMaster\Intel_intel_arc32_arduino_101\PozyxMaster.cpp.o
                0xa800eabc                PozyxMaster::tags
 .data._ZN11PozyxMaster7anchorsE
                0xa800eac0        0x8 C:\Users\kehood\AppData\Local\Temp\VMicroBuilds\PozyxMaster\Intel_intel_arc32_arduino_101\PozyxMaster.cpp.o
                0xa800eac0                PozyxMaster::anchors
 .data._ZN11PozyxMaster14anchor_heightsE
                0xa800eac8       0x10 C:\Users\kehood\AppData\Local\Temp\VMicroBuilds\PozyxMaster\Intel_intel_arc32_arduino_101\PozyxMaster.cpp.o
                0xa800eac8                PozyxMaster::anchor_heights
 .data.g_APinDescription
                0xa800ead8      0x348 C:\Users\kehood\AppData\Local\Temp\VMicroBuilds\PozyxMaster\Intel_intel_arc32_arduino_101/core.a(variant.cpp.o)
                0xa800ead8                g_APinDescription
                0xa800ee20                __data_ram_end = .

bss             0xa800ee20      0x980 load address 0x4003f7f4
                0xa800ee20                . = ALIGN (0x4)
                0xa800ee20                __bss_start = .
 *(.bss)
 .bss           0xa800ee20       0x34 c:/users/kehood/appdata/local/arduino15/packages/intel/tools/arc-elf32/1.6.4+1.0/bin/../lib/gcc/arc-elf32/4.8.3/../../../../arc-elf32/lib\libc.a(lib_a-mallocr.o)
                0xa800ee20                __malloc_top_pad
                0xa800ee24                __malloc_max_sbrked_mem
                0xa800ee28                __malloc_max_total_mem
                0xa800ee2c                __malloc_current_mallinfo
 .bss           0xa800ee54        0x4 c:/users/kehood/appdata/local/arduino15/packages/intel/tools/arc-elf32/1.6.4+1.0/bin/../lib/gcc/arc-elf32/4.8.3/../../../../arc-elf32/lib\libc.a(lib_a-sbrk.o)
 *(.bss.*)
 .bss.timer0_overflows
                0xa800ee58        0x4 C:\Users\kehood\AppData\Local\arduino15\packages\Intel\hardware\arc32\1.0.5\variants\arduino_101\libarc32drv_arduino101.a(arcv2_timer0.o)
                0xa800ee58                timer0_overflows
 .bss.ble_cfw_channel
                0xa800ee5c        0x4 C:\Users\kehood\AppData\Local\arduino15\packages\Intel\hardware\arc32\1.0.5\variants\arduino_101\libarc32drv_arduino101.a(ipc_uart_ns16550.o)
 .bss.ipc_uart_tx_state
                0xa800ee60        0x1 C:\Users\kehood\AppData\Local\arduino15\packages\Intel\hardware\arc32\1.0.5\variants\arduino_101\libarc32drv_arduino101.a(ipc_uart_ns16550.o)
 *fill*         0xa800ee61        0x3 
 .bss.ipc_uart_tx
                0xa800ee64        0x4 C:\Users\kehood\AppData\Local\arduino15\packages\Intel\hardware\arc32\1.0.5\variants\arduino_101\libarc32drv_arduino101.a(ipc_uart_ns16550.o)
 .bss.uart      0xa800ee68       0x10 C:\Users\kehood\AppData\Local\arduino15\packages\Intel\hardware\arc32\1.0.5\variants\arduino_101\libarc32drv_arduino101.a(ns16550.o)
 .bss.soc_gpio_aon_cb
                0xa800ee78       0x18 C:\Users\kehood\AppData\Local\arduino15\packages\Intel\hardware\arc32\1.0.5\variants\arduino_101\libarc32drv_arduino101.a(soc_gpio.o)
 .bss.soc_gpio_32_cb
                0xa800ee90       0x80 C:\Users\kehood\AppData\Local\arduino15\packages\Intel\hardware\arc32\1.0.5\variants\arduino_101\libarc32drv_arduino101.a(soc_gpio.o)
 .bss.gpio_cfg  0xa800ef10       0x20 C:\Users\kehood\AppData\Local\arduino15\packages\Intel\hardware\arc32\1.0.5\variants\arduino_101\libarc32drv_arduino101.a(ss_gpio_iface.o)
 .bss.ss_gpio1_cb
                0xa800ef30       0x20 C:\Users\kehood\AppData\Local\arduino15\packages\Intel\hardware\arc32\1.0.5\variants\arduino_101\libarc32drv_arduino101.a(ss_gpio_iface.o)
 .bss.ss_gpio0_cb
                0xa800ef50       0x20 C:\Users\kehood\AppData\Local\arduino15\packages\Intel\hardware\arc32\1.0.5\variants\arduino_101\libarc32drv_arduino101.a(ss_gpio_iface.o)
 .bss.drv_config
                0xa800ef70       0x98 C:\Users\kehood\AppData\Local\arduino15\packages\Intel\hardware\arc32\1.0.5\variants\arduino_101\libarc32drv_arduino101.a(ss_i2c_iface.o)
 .bss.i2c_handles
                0xa800f008        0x8 C:\Users\kehood\AppData\Local\arduino15\packages\Intel\hardware\arc32\1.0.5\variants\arduino_101\libarc32drv_arduino101.a(ss_i2c_iface.o)
 .bss.service_mgr_queue
                0xa800f010        0x4 C:\Users\kehood\AppData\Local\arduino15\packages\Intel\hardware\arc32\1.0.5\variants\arduino_101\libarc32drv_arduino101.a(cfw_platform.o)
 .bss.service_avail_listeners
                0xa800f014        0x8 C:\Users\kehood\AppData\Local\arduino15\packages\Intel\hardware\arc32\1.0.5\variants\arduino_101\libarc32drv_arduino101.a(service_manager.o)
                0xa800f014                service_avail_listeners
 .bss.proxies   0xa800f01c       0x10 C:\Users\kehood\AppData\Local\arduino15\packages\Intel\hardware\arc32\1.0.5\variants\arduino_101\libarc32drv_arduino101.a(service_manager.o)
 .bss.service_mgr_port_id
                0xa800f02c        0x4 C:\Users\kehood\AppData\Local\arduino15\packages\Intel\hardware\arc32\1.0.5\variants\arduino_101\libarc32drv_arduino101.a(service_manager.o)
                0xa800f02c                service_mgr_port_id
 .bss.registered_service_count
                0xa800f030        0x4 C:\Users\kehood\AppData\Local\arduino15\packages\Intel\hardware\arc32\1.0.5\variants\arduino_101\libarc32drv_arduino101.a(service_manager.o)
 .bss.ipc_mutex
                0xa800f034        0x4 C:\Users\kehood\AppData\Local\arduino15\packages\Intel\hardware\arc32\1.0.5\variants\arduino_101\libarc32drv_arduino101.a(ipc.o)
 .bss.remote_cpu
                0xa800f038        0x1 C:\Users\kehood\AppData\Local\arduino15\packages\Intel\hardware\arc32\1.0.5\variants\arduino_101\libarc32drv_arduino101.a(ipc.o)
 *fill*         0xa800f039        0x3 
 .bss.rx_ack_chan
                0xa800f03c        0x4 C:\Users\kehood\AppData\Local\arduino15\packages\Intel\hardware\arc32\1.0.5\variants\arduino_101\libarc32drv_arduino101.a(ipc.o)
 .bss.tx_ack_chan
                0xa800f040        0x4 C:\Users\kehood\AppData\Local\arduino15\packages\Intel\hardware\arc32\1.0.5\variants\arduino_101\libarc32drv_arduino101.a(ipc.o)
 .bss.tx_chan   0xa800f044        0x4 C:\Users\kehood\AppData\Local\arduino15\packages\Intel\hardware\arc32\1.0.5\variants\arduino_101\libarc32drv_arduino101.a(ipc.o)
 .bss.rx_chan   0xa800f048        0x4 C:\Users\kehood\AppData\Local\arduino15\packages\Intel\hardware\arc32\1.0.5\variants\arduino_101\libarc32drv_arduino101.a(ipc.o)
 .bss.global_infos
                0xa800f04c       0x33 C:\Users\kehood\AppData\Local\arduino15\packages\Intel\hardware\arc32\1.0.5\variants\arduino_101\libarc32drv_arduino101.a(log.o)
 *fill*         0xa800f07f        0x1 
 .bss.registered_port_count
                0xa800f080        0x4 C:\Users\kehood\AppData\Local\arduino15\packages\Intel\hardware\arc32\1.0.5\variants\arduino_101\libarc32drv_arduino101.a(port.o)
 .bss.ports     0xa800f084      0x320 C:\Users\kehood\AppData\Local\arduino15\packages\Intel\hardware\arc32\1.0.5\variants\arduino_101\libarc32drv_arduino101.a(port.o)
 .bss.this_cpu_id
                0xa800f3a4        0x1 C:\Users\kehood\AppData\Local\arduino15\packages\Intel\hardware\arc32\1.0.5\variants\arduino_101\libarc32drv_arduino101.a(port.o)
 .bss._ZN11PozyxMaster11setupStatusE
                0xa800f3a5        0x1 C:\Users\kehood\AppData\Local\Temp\VMicroBuilds\PozyxMaster\Intel_intel_arc32_arduino_101\PozyxMaster.cpp.o
                0xa800f3a5                PozyxMaster::setupStatus
 .bss._ZN11PozyxMaster6statusE
                0xa800f3a6        0x1 C:\Users\kehood\AppData\Local\Temp\VMicroBuilds\PozyxMaster\Intel_intel_arc32_arduino_101\PozyxMaster.cpp.o
                0xa800f3a6                PozyxMaster::status
 *fill*         0xa800f3a7        0x1 
 .bss.Wire      0xa800f3a8       0x58 C:\Users\kehood\AppData\Local\Temp\VMicroBuilds\PozyxMaster\Intel_intel_arc32_arduino_101\Wire\Wire.cpp.o
                0xa800f3a8                Wire
 .bss._ZN10PozyxClass11_sw_versionE
                0xa800f400        0x4 C:\Users\kehood\AppData\Local\Temp\VMicroBuilds\PozyxMaster\Intel_intel_arc32_arduino_101\CPozyx_core.cpp.o
                0xa800f400                PozyxClass::_sw_version
 .bss._ZN10PozyxClass11_hw_versionE
                0xa800f404        0x4 C:\Users\kehood\AppData\Local\Temp\VMicroBuilds\PozyxMaster\Intel_intel_arc32_arduino_101\CPozyx_core.cpp.o
                0xa800f404                PozyxClass::_hw_version
 .bss._ZN10PozyxClass5_modeE
                0xa800f408        0x4 C:\Users\kehood\AppData\Local\Temp\VMicroBuilds\PozyxMaster\Intel_intel_arc32_arduino_101\CPozyx_core.cpp.o
                0xa800f408                PozyxClass::_mode
 .bss._ZN10PozyxClass10_interruptE
                0xa800f40c        0x4 C:\Users\kehood\AppData\Local\Temp\VMicroBuilds\PozyxMaster\Intel_intel_arc32_arduino_101\CPozyx_core.cpp.o
                0xa800f40c                PozyxClass::_interrupt
 .bss.i2c_slave
                0xa800f410        0x1 C:\Users\kehood\AppData\Local\Temp\VMicroBuilds\PozyxMaster\Intel_intel_arc32_arduino_101/core.a(i2c.c.o)
 .bss.i2c_err_detect
                0xa800f411        0x1 C:\Users\kehood\AppData\Local\Temp\VMicroBuilds\PozyxMaster\Intel_intel_arc32_arduino_101/core.a(i2c.c.o)
 .bss.i2c_rx_complete
                0xa800f412        0x1 C:\Users\kehood\AppData\Local\Temp\VMicroBuilds\PozyxMaster\Intel_intel_arc32_arduino_101/core.a(i2c.c.o)
 .bss.i2c_tx_complete
                0xa800f413        0x1 C:\Users\kehood\AppData\Local\Temp\VMicroBuilds\PozyxMaster\Intel_intel_arc32_arduino_101/core.a(i2c.c.o)
 .bss.Serial1   0xa800f414       0x24 C:\Users\kehood\AppData\Local\Temp\VMicroBuilds\PozyxMaster\Intel_intel_arc32_arduino_101/core.a(variant.cpp.o)
                0xa800f414                Serial1
 .bss.info_uart
                0xa800f438       0x10 C:\Users\kehood\AppData\Local\Temp\VMicroBuilds\PozyxMaster\Intel_intel_arc32_arduino_101/core.a(variant.cpp.o)
                0xa800f438                info_uart
 .bss.tx_buffer_uart
                0xa800f448      0x10c C:\Users\kehood\AppData\Local\Temp\VMicroBuilds\PozyxMaster\Intel_intel_arc32_arduino_101/core.a(variant.cpp.o)
                0xa800f448                tx_buffer_uart
 .bss.rx_buffer_uart
                0xa800f554      0x10c C:\Users\kehood\AppData\Local\Temp\VMicroBuilds\PozyxMaster\Intel_intel_arc32_arduino_101/core.a(variant.cpp.o)
                0xa800f554                rx_buffer_uart
 .bss.Serial    0xa800f660       0x28 C:\Users\kehood\AppData\Local\Temp\VMicroBuilds\PozyxMaster\Intel_intel_arc32_arduino_101/core.a(variant.cpp.o)
                0xa800f660                Serial
 .bss.info_cdc  0xa800f688       0x10 C:\Users\kehood\AppData\Local\Temp\VMicroBuilds\PozyxMaster\Intel_intel_arc32_arduino_101/core.a(variant.cpp.o)
                0xa800f688                info_cdc
 *(COMMON)
 COMMON         0xa800f698       0x48 C:\Users\kehood\AppData\Local\arduino15\packages\Intel\hardware\arc32\1.0.5\variants\arduino_101\libarc32drv_arduino101.a(service_manager.o)
                0xa800f698                services
                0xa800f6d8                registered_evt_list
 COMMON         0xa800f6e0       0x20 C:\Users\kehood\AppData\Local\arduino15\packages\Intel\hardware\arc32\1.0.5\variants\arduino_101\libarc32drv_arduino101.a(port.o)
                0xa800f6e0                ipc_handler
 COMMON         0xa800f700       0xa0 C:\Users\kehood\AppData\Local\arduino15\packages\Intel\hardware\arc32\1.0.5\variants\arduino_101\libarc32drv_arduino101.a(os.o)
                0xa800f700                q_pool
                0xa800f7a0                __bss_end = ALIGN (0x4)

noinit
 *(.noinit)
 *(.noinit.*)
 *(.seg_rxtx)
 *(.seg_rxtx.*)

heap            0xa800f7a0     0x2000 load address 0x40040174
                0xa800f7a0                . = ALIGN (0x4)
                0xa800f7a0                __start_heap = .
                0xa80117a0                . = (. + __HEAP_SIZE_MIN)
 *fill*         0xa800f7a0     0x2000 
                0xa8012000                __end_heap = ALIGN (__PAGE_SIZE)

stack           0xa80117a0      0xa00 load address 0x40042174
                0xa80119a0                . = (. + __firq_stack_size)
 *fill*         0xa80117a0      0x200 
                0xa80119a0                . = ALIGN (0x4)
                0xa80119a0                __firq_stack_start = .
                0xa80121a0                . = (. + __stack_size)
 *fill*         0xa80119a0      0x800 
                0xa80121a0                . = ALIGN (0x4)
                0xa80121a0                __stack_start = .
                0xa80121a0                _end = .
END GROUP
OUTPUT(C:\Users\kehood\AppData\Local\Temp\VMicroBuilds\PozyxMaster\Intel_intel_arc32_arduino_101/PozyxMaster.ino.elf elf32-littlearc)

.debug_frame    0x00000000     0x6128
 .debug_frame   0x00000000       0x44 C:\Users\kehood\AppData\Local\arduino15\packages\Intel\hardware\arc32\1.0.5\variants\arduino_101\libarc32drv_arduino101.a(c_init.o)
 .debug_frame   0x00000044       0xf0 C:\Users\kehood\AppData\Local\arduino15\packages\Intel\hardware\arc32\1.0.5\variants\arduino_101\libarc32drv_arduino101.a(interrupt.o)
 .debug_frame   0x00000134       0x5c C:\Users\kehood\AppData\Local\arduino15\packages\Intel\hardware\arc32\1.0.5\variants\arduino_101\libarc32drv_arduino101.a(arcv2_timer0.o)
 .debug_frame   0x00000190      0x1c0 C:\Users\kehood\AppData\Local\arduino15\packages\Intel\hardware\arc32\1.0.5\variants\arduino_101\libarc32drv_arduino101.a(ipc_uart_ns16550.o)
 .debug_frame   0x00000350      0x2e0 C:\Users\kehood\AppData\Local\arduino15\packages\Intel\hardware\arc32\1.0.5\variants\arduino_101\libarc32drv_arduino101.a(ns16550.o)
 .debug_frame   0x00000630      0x260 C:\Users\kehood\AppData\Local\arduino15\packages\Intel\hardware\arc32\1.0.5\variants\arduino_101\libarc32drv_arduino101.a(soc_gpio.o)
 .debug_frame   0x00000890      0x140 C:\Users\kehood\AppData\Local\arduino15\packages\Intel\hardware\arc32\1.0.5\variants\arduino_101\libarc32drv_arduino101.a(ss_dw_i2c.o)
 .debug_frame   0x000009d0      0x1b8 C:\Users\kehood\AppData\Local\arduino15\packages\Intel\hardware\arc32\1.0.5\variants\arduino_101\libarc32drv_arduino101.a(ss_gpio_iface.o)